// Jest Snapshot v1, https://goo.gl/fbAQLP

exports[`renders ManageRegistrySecret Create component 1`] = `
<div
  class="MuiGrid-root MuiGrid-container MuiGrid-spacing-xs-2"
  data-testid="form"
>
  <div
    class="MuiGrid-root MuiGrid-item MuiGrid-grid-xs-12"
  >
    <div
      class="MuiGrid-root MuiGrid-container MuiGrid-spacing-xs-2"
    >
      <div
        class="MuiGrid-root MuiGrid-item MuiGrid-grid-xs-12"
      >
        <div
          class="MuiGrid-root MuiGrid-container"
        >
          <div
            class="MuiGrid-root MuiGrid-item MuiGrid-grid-xs-6"
          >
            <div
              class="MuiGrid-root MuiGrid-container MuiGrid-spacing-xs-1"
            >
              <div
                class="MuiGrid-root MuiGrid-item MuiGrid-grid-xs-12"
                style="display: flex;"
              >
                <div
                  class="MuiGrid-root MuiGrid-container MuiGrid-spacing-xs-1"
                >
                  <div
                    class="MuiGrid-root MuiGrid-item MuiGrid-grid-xs-12"
                  >
                    <span
                      class="makeStyles-labelWrap-1"
                    >
                      <span
                        class="MuiTypography-root makeStyles-label-2 MuiTypography-body1"
                      >
                        Registry Endpoint
                      </span>
                      <span />
                    </span>
                  </div>
                  <div
                    class="MuiGrid-root MuiGrid-item MuiGrid-grid-xs-12"
                    style="display: flex; align-items: flex-end;"
                  >
                    <div
                      class="MuiFormControl-root MuiFormControl-fullWidth"
                    >
                      <div
                        class="MuiFormControl-root MuiTextField-root"
                      >
                        <div
                          class="MuiInputBase-root MuiInput-root MuiInput-underline Mui-disabled Mui-disabled MuiInputBase-formControl MuiInput-formControl"
                        >
                          <input
                            aria-invalid="false"
                            class="MuiInputBase-input MuiInput-input Mui-disabled Mui-disabled"
                            disabled=""
                            name="registryEndpoint"
                            type="text"
                            value="test-registry-endpoint"
                          />
                        </div>
                      </div>
                    </div>
                  </div>
                </div>
              </div>
            </div>
          </div>
        </div>
      </div>
      <div
        class="MuiGrid-root MuiGrid-item MuiGrid-grid-xs-6"
      >
        <div
          class="MuiGrid-root MuiGrid-container MuiGrid-spacing-xs-1"
        >
          <div
            class="MuiGrid-root MuiGrid-item MuiGrid-grid-xs-12"
            style="display: flex;"
          >
            <div
              class="MuiGrid-root MuiGrid-container MuiGrid-spacing-xs-1"
            >
              <div
                class="MuiGrid-root MuiGrid-item MuiGrid-grid-xs-12"
              >
                <span
                  class="makeStyles-labelWrap-1"
                >
                  <span
                    class="MuiTypography-root makeStyles-label-2 MuiTypography-body1"
                  >
                    User
                  </span>
                  <span />
                </span>
              </div>
              <div
                class="MuiGrid-root MuiGrid-item MuiGrid-grid-xs-12"
                style="display: flex; align-items: flex-end;"
              >
                <div
                  class="MuiFormControl-root MuiFormControl-fullWidth"
                >
                  <div
                    class="MuiFormControl-root MuiTextField-root"
                  >
                    <div
                      class="MuiInputBase-root MuiInput-root MuiInput-underline MuiInputBase-formControl MuiInput-formControl"
                    >
                      <input
                        aria-invalid="false"
                        class="MuiInputBase-input MuiInput-input"
                        name="user"
                        placeholder="Enter user name"
                        type="text"
                        value=""
                      />
                    </div>
                  </div>
                </div>
              </div>
            </div>
          </div>
        </div>
      </div>
      <div
        class="MuiGrid-root MuiGrid-item MuiGrid-grid-xs-6"
      >
        <div
          class="MuiGrid-root MuiGrid-container MuiGrid-spacing-xs-1"
        >
          <div
            class="MuiGrid-root MuiGrid-item MuiGrid-grid-xs-12"
            style="display: flex;"
          >
            <div
              class="MuiGrid-root MuiGrid-container MuiGrid-spacing-xs-1"
            >
              <div
                class="MuiGrid-root MuiGrid-item MuiGrid-grid-xs-12"
              >
                <span
                  class="makeStyles-labelWrap-1"
                >
                  <span
                    class="MuiTypography-root makeStyles-label-2 MuiTypography-body1"
                  >
                    Password
                  </span>
                  <span />
                </span>
              </div>
              <div
                class="MuiGrid-root MuiGrid-item MuiGrid-grid-xs-12"
                style="display: flex; align-items: flex-end;"
              >
                <div
                  class="MuiFormControl-root MuiFormControl-fullWidth"
                >
                  <div
                    class="MuiFormControl-root MuiTextField-root"
                  >
                    <div
                      class="MuiInputBase-root MuiInput-root MuiInput-underline MuiInputBase-formControl MuiInput-formControl"
                    >
                      <input
                        aria-invalid="false"
                        class="MuiInputBase-input MuiInput-input"
                        name="password"
                        placeholder="Enter password"
                        type="password"
                        value=""
                      />
                    </div>
                  </div>
                </div>
              </div>
            </div>
          </div>
        </div>
      </div>
      <div
        class="MuiGrid-root MuiGrid-item MuiGrid-grid-xs-12"
      >
        <div
          class="MuiGrid-root MuiGrid-container"
        >
          <div
            class="MuiGrid-root MuiGrid-item MuiGrid-grid-xs-6"
          >
            <div
              class="MuiGrid-root MuiGrid-container MuiGrid-spacing-xs-1"
            >
              <div
                class="MuiGrid-root MuiGrid-item MuiGrid-grid-xs-12"
                style="display: flex;"
              >
                <div
                  class="MuiGrid-root MuiGrid-container MuiGrid-spacing-xs-1"
                >
                  <div
                    class="MuiGrid-root MuiGrid-item MuiGrid-grid-xs-12"
                  >
                    <span
                      class="makeStyles-labelWrap-1"
                    >
                      <span
                        class="MuiTypography-root makeStyles-label-2 MuiTypography-body1"
                      >
                        Type
                      </span>
                      <span />
                    </span>
                  </div>
                  <div
                    class="MuiGrid-root MuiGrid-item MuiGrid-grid-xs-12"
                    style="display: flex; align-items: flex-end;"
                  >
                    <div
                      class="MuiFormControl-root MuiFormControl-fullWidth"
                    >
                      <div
                        class="MuiInputBase-root MuiInput-root MuiInput-underline makeStyles-selectWithDefaultValue-3 MuiInputBase-fullWidth MuiInput-fullWidth MuiInputBase-formControl MuiInput-formControl"
                      >
                        <div
                          aria-haspopup="listbox"
                          aria-labelledby="mui-component-select-name"
                          class="MuiSelect-root MuiSelect-select MuiSelect-selectMenu MuiInputBase-input MuiInput-input"
                          id="mui-component-select-name"
                          role="button"
                          tabindex="0"
                        >
                          Select type
                        </div>
                        <input
                          aria-hidden="true"
                          class="MuiSelect-nativeInput"
                          name="name"
                          tabindex="-1"
                          value=""
                        />
                        <svg
                          aria-hidden="true"
                          class="MuiSvgIcon-root MuiSelect-icon"
                          focusable="false"
                          viewBox="0 0 24 24"
                        >
                          <path
                            d="M7 10l5 5 5-5z"
                          />
                        </svg>
                      </div>
                    </div>
                  </div>
                </div>
              </div>
            </div>
          </div>
        </div>
      </div>
    </div>
  </div>
  <div
    class="MuiGrid-root MuiGrid-item MuiGrid-grid-xs-12"
  >
    <div
      class="MuiGrid-root MuiGrid-container MuiGrid-spacing-xs-2 MuiGrid-justify-content-xs-space-between"
    >
      <div
        class="MuiGrid-root MuiGrid-item"
      >
        <button
          class="MuiButtonBase-root MuiIconButton-root"
          tabindex="0"
          type="button"
        >
          <span
            class="MuiIconButton-label"
          >
            <span />
          </span>
          <span
            class="MuiTouchRipple-root"
          />
        </button>
      </div>
      <div
        class="MuiGrid-root MuiGrid-item"
      >
        <div
          class="MuiGrid-root MuiGrid-container MuiGrid-spacing-xs-2 MuiGrid-align-items-xs-center"
        >
          <div
            class="MuiGrid-root MuiGrid-item"
          >
            <button
              class="MuiButtonBase-root MuiButton-root MuiButton-text MuiButton-textSizeSmall MuiButton-sizeSmall Mui-disabled Mui-disabled"
              disabled=""
              tabindex="-1"
              type="button"
            >
              <span
                class="MuiButton-label"
              >
                undo changes
              </span>
            </button>
          </div>
          <div
            class="MuiGrid-root MuiGrid-item"
          >
            <button
              class="MuiButtonBase-root MuiButton-root MuiButton-contained MuiButton-containedPrimary MuiButton-containedSizeSmall MuiButton-sizeSmall"
              tabindex="0"
              type="button"
            >
              <span
                class="MuiButton-label"
              >
                save
              </span>
              <span
                class="MuiTouchRipple-root"
              />
            </button>
          </div>
        </div>
      </div>
    </div>
  </div>
</div>
`;
