// Jest Snapshot v1, https://goo.gl/fbAQLP

exports[`renders DeleteKubeObject component 1`] = `
<div
  class="MuiDialog-root"
  data-testid="dialog"
  role="presentation"
  style="position: fixed; z-index: 1300; right: 0px; bottom: 0px; top: 0px; left: 0px;"
>
  <div
    aria-hidden="true"
    class="MuiBackdrop-root"
    style="opacity: 1; webkit-transition: opacity 225ms cubic-bezier(0.4, 0, 0.2, 1) 0ms; transition: opacity 225ms cubic-bezier(0.4, 0, 0.2, 1) 0ms;"
  />
  <div
    data-test="sentinelStart"
    tabindex="0"
  />
  <div
    class="MuiDialog-container MuiDialog-scrollPaper"
    role="none presentation"
    style="opacity: 1; webkit-transition: opacity 225ms cubic-bezier(0.4, 0, 0.2, 1) 0ms; transition: opacity 225ms cubic-bezier(0.4, 0, 0.2, 1) 0ms;"
    tabindex="-1"
  >
    <div
      class="MuiPaper-root MuiDialog-paper MuiDialog-paperScrollPaper MuiDialog-paperWidthSm MuiDialog-paperFullWidth MuiPaper-elevation24 MuiPaper-rounded"
      role="dialog"
    >
      <div
        class="MuiDialogTitle-root"
      >
        <h2
          class="MuiTypography-root MuiTypography-h6"
        >
          Confirm deletion of "MockObjectName"
        </h2>
      </div>
      <div
        class="MuiDialogContent-root"
      >
        <div
          class="MuiGrid-root MuiGrid-container MuiGrid-spacing-xs-1"
        >
          <div
            class="MuiGrid-root MuiGrid-item MuiGrid-grid-xs-12"
          >
            <p
              class="MuiTypography-root MuiTypography-body1"
            >
              Mock Description
            </p>
          </div>
          <div
            class="MuiGrid-root MuiGrid-item MuiGrid-grid-xs-12"
          >
            <form>
              <div
                class="MuiGrid-root MuiGrid-container MuiGrid-spacing-xs-1"
              >
                <div
                  class="MuiGrid-root MuiGrid-item MuiGrid-grid-xs-12"
                >
                  <div
                    class="MuiFormControl-root MuiTextField-root MuiFormControl-fullWidth"
                  >
                    <label
                      class="MuiFormLabel-root MuiInputLabel-root MuiInputLabel-formControl MuiInputLabel-animated MuiInputLabel-outlined"
                      data-shrink="false"
                    >
                      Enter MockKind name to delete
                    </label>
                    <div
                      class="MuiInputBase-root MuiOutlinedInput-root MuiInputBase-fullWidth MuiInputBase-formControl"
                    >
                      <input
                        aria-invalid="false"
                        class="MuiInputBase-input MuiOutlinedInput-input"
                        name="name"
                        type="text"
                        value=""
                      />
                      <fieldset
                        aria-hidden="true"
                        class="PrivateNotchedOutline-root-1 MuiOutlinedInput-notchedOutline"
                      >
                        <legend
                          class="PrivateNotchedOutline-legendLabelled-3"
                        >
                          <span>
                            Enter MockKind name to delete
                          </span>
                        </legend>
                      </fieldset>
                    </div>
                  </div>
                </div>
                <div
                  class="MuiGrid-root MuiGrid-item MuiGrid-grid-xs-12"
                >
                  <div
                    class="MuiDialogActions-root MuiDialogActions-spacing"
                  >
                    <button
                      class="MuiButtonBase-root MuiButton-root MuiButton-text"
                      tabindex="0"
                      type="button"
                    >
                      <span
                        class="MuiButton-label"
                      >
                        Cancel
                      </span>
                      <span
                        class="MuiTouchRipple-root"
                      />
                    </button>
                    <button
                      class="MuiButtonBase-root MuiButton-root MuiButton-text Mui-disabled Mui-disabled"
                      disabled=""
                      tabindex="-1"
                      type="submit"
                    >
                      <span
                        class="MuiButton-label"
                      >
                        Confirm
                      </span>
                    </button>
                  </div>
                </div>
              </div>
            </form>
          </div>
        </div>
      </div>
    </div>
  </div>
  <div
    data-test="sentinelEnd"
    tabindex="0"
  />
</div>
`;
