// Jest Snapshot v1, https://goo.gl/fbAQLP

exports[`renders ManageNexusCI Create component 1`] = `
<div
  class="MuiGrid-root MuiGrid-container MuiGrid-spacing-xs-2 css-mhc70k-MuiGrid-root"
  data-testid="form"
>
  <div
    class="MuiGrid-root MuiGrid-item MuiGrid-grid-xs-12 css-1idn90j-MuiGrid-root"
  >
    <div
      class="MuiPaper-root MuiPaper-elevation MuiPaper-rounded MuiPaper-elevation0 MuiAccordion-root MuiAccordion-rounded Mui-expanded MuiAccordion-gutters makeStyles-accordion-1 css-1ev3igf-MuiPaper-root-MuiAccordion-root"
    >
      <div
        aria-expanded="true"
        class="MuiButtonBase-root MuiAccordionSummary-root Mui-expanded MuiAccordionSummary-gutters css-sh22l5-MuiButtonBase-root-MuiAccordionSummary-root"
        role="button"
        tabindex="0"
      >
        <div
          class="MuiAccordionSummary-content Mui-expanded MuiAccordionSummary-contentGutters css-o4b71y-MuiAccordionSummary-content"
        >
          <div
            class="MuiGrid-root MuiGrid-container MuiGrid-spacing-xs-2 css-ofrcno-MuiGrid-root"
          >
            <div
              class="MuiGrid-root MuiGrid-item css-13i4rnv-MuiGrid-root"
            >
              <span />
            </div>
            <div
              class="MuiGrid-root MuiGrid-item css-13i4rnv-MuiGrid-root"
            >
              <h6
                class="MuiTypography-root MuiTypography-h6 css-k6p83p-MuiTypography-root"
              >
                Add Nexus Integration
              </h6>
            </div>
          </div>
        </div>
      </div>
      <div
        class="MuiCollapse-root MuiCollapse-vertical MuiCollapse-entered css-pwcg7p-MuiCollapse-root"
        style="min-height: 0px;"
      >
        <div
          class="MuiCollapse-wrapper MuiCollapse-vertical css-smkl36-MuiCollapse-wrapper"
        >
          <div
            class="MuiCollapse-wrapperInner MuiCollapse-vertical css-9l5vo-MuiCollapse-wrapperInner"
          >
            <div
              class="MuiAccordion-region"
              role="region"
            >
              <div
                class="MuiAccordionDetails-root css-15v22id-MuiAccordionDetails-root"
              >
                <div
                  class="MuiGrid-root MuiGrid-container MuiGrid-spacing-xs-4 css-480o17-MuiGrid-root"
                >
                  <div
                    class="MuiGrid-root MuiGrid-item MuiGrid-grid-xs-12 css-1idn90j-MuiGrid-root"
                  >
                    <div
                      class="MuiGrid-root MuiGrid-container MuiGrid-spacing-xs-2 css-mhc70k-MuiGrid-root"
                    >
                      <div
                        class="MuiGrid-root MuiGrid-item MuiGrid-grid-xs-12 css-1idn90j-MuiGrid-root"
                      >
                        <div
                          class="MuiPaper-root MuiPaper-elevation MuiPaper-rounded MuiPaper-elevation0 MuiAlert-root MuiAlert-outlinedInfo MuiAlert-outlined css-q9dv2o-MuiPaper-root-MuiAlert-root"
                          role="alert"
                        >
                          <div
                            class="MuiAlert-icon css-1ytlwq5-MuiAlert-icon"
                          >
                            <svg
                              aria-hidden="true"
                              class="MuiSvgIcon-root MuiSvgIcon-fontSizeInherit css-1vooibu-MuiSvgIcon-root"
                              data-testid="InfoOutlinedIcon"
                              focusable="false"
                              viewBox="0 0 24 24"
                            >
                              <path
                                d="M11,9H13V7H11M12,20C7.59,20 4,16.41 4,12C4,7.59 7.59,4 12,4C16.41,4 20,7.59 20, 12C20,16.41 16.41,20 12,20M12,2A10,10 0 0,0 2,12A10,10 0 0,0 12,22A10,10 0 0,0 22,12A10, 10 0 0,0 12,2M11,17H13V11H11V17Z"
                              />
                            </svg>
                          </div>
                          <div
                            class="MuiAlert-message css-1pxa9xg-MuiAlert-message"
                          >
                            Nexus EDPComponent has not been found. Please, create it first in order to manage the integration.
                          </div>
                        </div>
                      </div>
                      <div
                        class="MuiGrid-root MuiGrid-item MuiGrid-grid-xs-12 css-1idn90j-MuiGrid-root"
                      >
                        <div
                          class="MuiGrid-root MuiGrid-container MuiGrid-spacing-xs-1 css-a5rdam-MuiGrid-root"
                        >
                          <div
                            class="MuiGrid-root MuiGrid-item MuiGrid-grid-xs-12 css-1idn90j-MuiGrid-root"
                            style="display: flex;"
                          >
                            <div
                              class="MuiGrid-root MuiGrid-container MuiGrid-spacing-xs-1 css-a5rdam-MuiGrid-root"
                            >
                              <div
                                class="MuiGrid-root MuiGrid-item MuiGrid-grid-xs-12 css-1idn90j-MuiGrid-root"
                              >
                                <span
                                  class="makeStyles-labelWrap-3"
                                >
                                  <span
                                    class="MuiTypography-root MuiTypography-body1 makeStyles-label-4 css-1ezega9-MuiTypography-root"
                                  >
                                    Quick Link URL
                                  </span>
                                  <span />
                                </span>
                              </div>
                              <div
                                class="MuiGrid-root MuiGrid-item MuiGrid-grid-xs-12 css-1idn90j-MuiGrid-root"
                                style="display: flex; align-items: flex-end;"
                              >
                                <div
                                  class="MuiFormControl-root MuiFormControl-fullWidth css-q8hpuo-MuiFormControl-root"
                                >
                                  <div
                                    class="MuiFormControl-root MuiTextField-root css-1u3bzj6-MuiFormControl-root-MuiTextField-root"
                                  >
                                    <div
                                      class="MuiInputBase-root MuiOutlinedInput-root MuiInputBase-colorPrimary Mui-disabled MuiInputBase-formControl css-1k0n0u9-MuiInputBase-root-MuiOutlinedInput-root"
                                    >
                                      <input
                                        aria-invalid="false"
                                        class="MuiInputBase-input MuiOutlinedInput-input Mui-disabled css-1t8l2tu-MuiInputBase-input-MuiOutlinedInput-input"
                                        disabled=""
                                        id="mui-2"
                                        name="externalUrl"
                                        placeholder="Enter URL"
                                        type="text"
                                        value=""
                                      />
                                      <fieldset
                                        aria-hidden="true"
                                        class="MuiOutlinedInput-notchedOutline css-1d3z3hw-MuiOutlinedInput-notchedOutline"
                                      >
                                        <legend
                                          class="css-ihdtdm"
                                        >
                                          <span
                                            class="notranslate"
                                          >
                                            â€‹
                                          </span>
                                        </legend>
                                      </fieldset>
                                    </div>
                                  </div>
                                </div>
                              </div>
                            </div>
                          </div>
                        </div>
                      </div>
                      <div
                        class="MuiGrid-root MuiGrid-item MuiGrid-grid-xs-12 css-1idn90j-MuiGrid-root"
                      >
                        <div
                          class="MuiGrid-root MuiGrid-container MuiGrid-spacing-xs-1 css-a5rdam-MuiGrid-root"
                        >
                          <div
                            class="MuiGrid-root MuiGrid-item MuiGrid-grid-xs-12 css-1idn90j-MuiGrid-root"
                            style="display: flex;"
                          >
                            <div
                              class="MuiGrid-root MuiGrid-container MuiGrid-spacing-xs-1 css-a5rdam-MuiGrid-root"
                            >
                              <div
                                class="MuiGrid-root MuiGrid-item MuiGrid-grid-xs-12 css-1idn90j-MuiGrid-root"
                              >
                                <span
                                  class="makeStyles-labelWrap-3"
                                >
                                  <span
                                    class="MuiTypography-root MuiTypography-body1 makeStyles-label-4 css-1ezega9-MuiTypography-root"
                                  >
                                    URL
                                  </span>
                                  <span />
                                </span>
                              </div>
                              <div
                                class="MuiGrid-root MuiGrid-item MuiGrid-grid-xs-12 css-1idn90j-MuiGrid-root"
                                style="display: flex; align-items: flex-end;"
                              >
                                <div
                                  class="MuiFormControl-root MuiFormControl-fullWidth css-q8hpuo-MuiFormControl-root"
                                >
                                  <div
                                    class="MuiFormControl-root MuiTextField-root css-1u3bzj6-MuiFormControl-root-MuiTextField-root"
                                  >
                                    <div
                                      class="MuiInputBase-root MuiOutlinedInput-root MuiInputBase-colorPrimary Mui-disabled MuiInputBase-formControl MuiInputBase-adornedEnd css-1wqgp0s-MuiInputBase-root-MuiOutlinedInput-root"
                                    >
                                      <input
                                        aria-invalid="false"
                                        class="MuiInputBase-input MuiOutlinedInput-input Mui-disabled MuiInputBase-inputAdornedEnd css-nxo287-MuiInputBase-input-MuiOutlinedInput-input"
                                        disabled=""
                                        id="mui-4"
                                        name="url"
                                        placeholder="Enter URL"
                                        type="text"
                                        value=""
                                      />
                                      <div
                                        class="MuiInputAdornment-root MuiInputAdornment-positionEnd MuiInputAdornment-outlined MuiInputAdornment-sizeMedium css-1laqsz7-MuiInputAdornment-root"
                                      >
                                        <button
                                          class="MuiButtonBase-root MuiIconButton-root MuiIconButton-sizeSmall css-1pe4mpk-MuiButtonBase-root-MuiIconButton-root"
                                          tabindex="0"
                                          type="button"
                                        >
                                          <span />
                                          <span
                                            class="MuiTouchRipple-root css-8je8zh-MuiTouchRipple-root"
                                          />
                                        </button>
                                      </div>
                                      <fieldset
                                        aria-hidden="true"
                                        class="MuiOutlinedInput-notchedOutline css-1d3z3hw-MuiOutlinedInput-notchedOutline"
                                      >
                                        <legend
                                          class="css-ihdtdm"
                                        >
                                          <span
                                            class="notranslate"
                                          >
                                            â€‹
                                          </span>
                                        </legend>
                                      </fieldset>
                                    </div>
                                  </div>
                                </div>
                              </div>
                            </div>
                          </div>
                        </div>
                      </div>
                      <div
                        class="MuiGrid-root MuiGrid-item MuiGrid-grid-xs-6 css-1osj8n2-MuiGrid-root"
                      >
                        <div
                          class="MuiGrid-root MuiGrid-container MuiGrid-spacing-xs-1 css-a5rdam-MuiGrid-root"
                        >
                          <div
                            class="MuiGrid-root MuiGrid-item MuiGrid-grid-xs-12 css-1idn90j-MuiGrid-root"
                            style="display: flex;"
                          >
                            <div
                              class="MuiGrid-root MuiGrid-container MuiGrid-spacing-xs-1 css-a5rdam-MuiGrid-root"
                            >
                              <div
                                class="MuiGrid-root MuiGrid-item MuiGrid-grid-xs-12 css-1idn90j-MuiGrid-root"
                              >
                                <span
                                  class="makeStyles-labelWrap-3"
                                >
                                  <span
                                    class="MuiTypography-root MuiTypography-body1 makeStyles-label-4 css-1ezega9-MuiTypography-root"
                                  >
                                    User
                                  </span>
                                  <span />
                                </span>
                              </div>
                              <div
                                class="MuiGrid-root MuiGrid-item MuiGrid-grid-xs-12 css-1idn90j-MuiGrid-root"
                                style="display: flex; align-items: flex-end;"
                              >
                                <div
                                  class="MuiFormControl-root MuiFormControl-fullWidth css-q8hpuo-MuiFormControl-root"
                                >
                                  <div
                                    class="MuiFormControl-root MuiTextField-root css-1u3bzj6-MuiFormControl-root-MuiTextField-root"
                                  >
                                    <div
                                      class="MuiInputBase-root MuiOutlinedInput-root MuiInputBase-colorPrimary MuiInputBase-formControl css-1k0n0u9-MuiInputBase-root-MuiOutlinedInput-root"
                                    >
                                      <input
                                        aria-invalid="false"
                                        class="MuiInputBase-input MuiOutlinedInput-input css-1t8l2tu-MuiInputBase-input-MuiOutlinedInput-input"
                                        id="mui-6"
                                        name="username"
                                        placeholder="Enter user name"
                                        type="text"
                                        value=""
                                      />
                                      <fieldset
                                        aria-hidden="true"
                                        class="MuiOutlinedInput-notchedOutline css-1d3z3hw-MuiOutlinedInput-notchedOutline"
                                      >
                                        <legend
                                          class="css-ihdtdm"
                                        >
                                          <span
                                            class="notranslate"
                                          >
                                            â€‹
                                          </span>
                                        </legend>
                                      </fieldset>
                                    </div>
                                  </div>
                                </div>
                              </div>
                            </div>
                          </div>
                        </div>
                      </div>
                      <div
                        class="MuiGrid-root MuiGrid-item MuiGrid-grid-xs-6 css-1osj8n2-MuiGrid-root"
                      >
                        <div
                          class="MuiGrid-root MuiGrid-container MuiGrid-spacing-xs-1 css-a5rdam-MuiGrid-root"
                        >
                          <div
                            class="MuiGrid-root MuiGrid-item MuiGrid-grid-xs-12 css-1idn90j-MuiGrid-root"
                            style="display: flex;"
                          >
                            <div
                              class="MuiGrid-root MuiGrid-container MuiGrid-spacing-xs-1 css-a5rdam-MuiGrid-root"
                            >
                              <div
                                class="MuiGrid-root MuiGrid-item MuiGrid-grid-xs-12 css-1idn90j-MuiGrid-root"
                              >
                                <span
                                  class="makeStyles-labelWrap-3"
                                >
                                  <span
                                    class="MuiTypography-root MuiTypography-body1 makeStyles-label-4 css-1ezega9-MuiTypography-root"
                                  >
                                    Password
                                  </span>
                                  <span />
                                </span>
                              </div>
                              <div
                                class="MuiGrid-root MuiGrid-item MuiGrid-grid-xs-12 css-1idn90j-MuiGrid-root"
                                style="display: flex; align-items: flex-end;"
                              >
                                <div
                                  class="MuiFormControl-root MuiFormControl-fullWidth css-q8hpuo-MuiFormControl-root"
                                >
                                  <div
                                    class="MuiFormControl-root MuiTextField-root css-1u3bzj6-MuiFormControl-root-MuiTextField-root"
                                  >
                                    <div
                                      class="MuiInputBase-root MuiOutlinedInput-root MuiInputBase-colorPrimary MuiInputBase-formControl MuiInputBase-adornedEnd css-1wqgp0s-MuiInputBase-root-MuiOutlinedInput-root"
                                    >
                                      <input
                                        aria-invalid="false"
                                        class="MuiInputBase-input MuiOutlinedInput-input MuiInputBase-inputAdornedEnd css-nxo287-MuiInputBase-input-MuiOutlinedInput-input"
                                        id="mui-8"
                                        name="password"
                                        placeholder="Enter password"
                                        type="password"
                                        value=""
                                      />
                                      <div
                                        class="MuiInputAdornment-root MuiInputAdornment-positionEnd MuiInputAdornment-outlined MuiInputAdornment-sizeMedium css-1laqsz7-MuiInputAdornment-root"
                                      >
                                        <button
                                          class="MuiButtonBase-root MuiIconButton-root MuiIconButton-sizeSmall css-1pe4mpk-MuiButtonBase-root-MuiIconButton-root"
                                          tabindex="0"
                                          type="button"
                                        >
                                          <span />
                                          <span
                                            class="MuiTouchRipple-root css-8je8zh-MuiTouchRipple-root"
                                          />
                                        </button>
                                      </div>
                                      <fieldset
                                        aria-hidden="true"
                                        class="MuiOutlinedInput-notchedOutline css-1d3z3hw-MuiOutlinedInput-notchedOutline"
                                      >
                                        <legend
                                          class="css-ihdtdm"
                                        >
                                          <span
                                            class="notranslate"
                                          >
                                            â€‹
                                          </span>
                                        </legend>
                                      </fieldset>
                                    </div>
                                  </div>
                                </div>
                              </div>
                            </div>
                          </div>
                        </div>
                      </div>
                    </div>
                  </div>
                  <div
                    class="MuiGrid-root MuiGrid-item MuiGrid-grid-xs-12 css-1idn90j-MuiGrid-root"
                  >
                    <div
                      class="MuiGrid-root MuiGrid-container MuiGrid-spacing-xs-2 css-1xu1mzw-MuiGrid-root"
                    >
                      <div
                        class="MuiGrid-root MuiGrid-item css-13i4rnv-MuiGrid-root"
                      >
                        <button
                          class="MuiButtonBase-root MuiButton-root MuiButton-text MuiButton-textPrimary MuiButton-sizeSmall MuiButton-textSizeSmall MuiButton-root MuiButton-text MuiButton-textPrimary MuiButton-sizeSmall MuiButton-textSizeSmall css-1llbb2a-MuiButtonBase-root-MuiButton-root"
                          tabindex="0"
                          type="button"
                        >
                          cancel
                          <span
                            class="MuiTouchRipple-root css-8je8zh-MuiTouchRipple-root"
                          />
                        </button>
                      </div>
                      <div
                        class="MuiGrid-root MuiGrid-item css-13i4rnv-MuiGrid-root"
                      >
                        <div
                          class="MuiGrid-root MuiGrid-container MuiGrid-spacing-xs-2 css-ofrcno-MuiGrid-root"
                        >
                          <div
                            class="MuiGrid-root MuiGrid-item css-13i4rnv-MuiGrid-root"
                          >
                            <button
                              class="MuiButtonBase-root MuiButton-root MuiButton-text MuiButton-textPrimary MuiButton-sizeSmall MuiButton-textSizeSmall Mui-disabled MuiButton-root MuiButton-text MuiButton-textPrimary MuiButton-sizeSmall MuiButton-textSizeSmall css-1llbb2a-MuiButtonBase-root-MuiButton-root"
                              disabled=""
                              tabindex="-1"
                              type="button"
                            >
                              undo changes
                            </button>
                          </div>
                          <div
                            class="MuiGrid-root MuiGrid-item css-13i4rnv-MuiGrid-root"
                          >
                            <button
                              class="MuiButtonBase-root MuiButton-root MuiButton-contained MuiButton-containedPrimary MuiButton-sizeSmall MuiButton-containedSizeSmall Mui-disabled MuiButton-root MuiButton-contained MuiButton-containedPrimary MuiButton-sizeSmall MuiButton-containedSizeSmall css-vw8gqz-MuiButtonBase-root-MuiButton-root"
                              disabled=""
                              tabindex="-1"
                              type="button"
                            >
                              save
                            </button>
                          </div>
                        </div>
                      </div>
                    </div>
                  </div>
                </div>
              </div>
            </div>
          </div>
        </div>
      </div>
    </div>
  </div>
</div>
`;
