// Jest Snapshot v1, https://goo.gl/fbAQLP

exports[`renders CreateEditStage Create component 1`] = `
<div
  class="MuiDialog-root"
  data-testid="dialog"
  role="presentation"
  style="position: fixed; z-index: 1300; right: 0px; bottom: 0px; top: 0px; left: 0px;"
>
  <div
    aria-hidden="true"
    class="MuiBackdrop-root"
    style="opacity: 1; webkit-transition: opacity 225ms cubic-bezier(0.4, 0, 0.2, 1) 0ms; transition: opacity 225ms cubic-bezier(0.4, 0, 0.2, 1) 0ms;"
  />
  <div
    data-test="sentinelStart"
    tabindex="0"
  />
  <div
    class="MuiDialog-container MuiDialog-scrollPaper"
    role="none presentation"
    style="opacity: 1; webkit-transition: opacity 225ms cubic-bezier(0.4, 0, 0.2, 1) 0ms; transition: opacity 225ms cubic-bezier(0.4, 0, 0.2, 1) 0ms;"
    tabindex="-1"
  >
    <div
      class="MuiPaper-root MuiDialog-paper MuiDialog-paperScrollPaper MuiDialog-paperWidthMd MuiDialog-paperFullWidth MuiPaper-elevation24 MuiPaper-rounded"
      role="dialog"
    >
      <div
        class="MuiDialogTitle-root"
      >
        <h2
          class="MuiTypography-root MuiTypography-h6"
        >
          <div
            class="MuiGrid-root MuiGrid-container MuiGrid-spacing-xs-1 MuiGrid-align-items-xs-center MuiGrid-justify-content-xs-space-between"
          >
            <div
              class="MuiGrid-root MuiGrid-item"
            >
              <div
                class="MuiGrid-root MuiGrid-container MuiGrid-spacing-xs-1 MuiGrid-align-items-xs-center"
              >
                <div
                  class="MuiGrid-root MuiGrid-item"
                >
                  <h5
                    class="MuiTypography-root MuiTypography-h5"
                  >
                    Create stage for "test-cdpipeline-name"
                  </h5>
                </div>
                <div
                  class="MuiGrid-root MuiGrid-item"
                >
                  <a
                    aria-disabled="false"
                    class="MuiButtonBase-root MuiIconButton-root"
                    href="https://epam.github.io/edp-install/user-guide/add-cd-pipeline/#add-stage"
                    tabindex="0"
                    target="_blank"
                  >
                    <span
                      class="MuiIconButton-label"
                    >
                      <span />
                    </span>
                    <span
                      class="MuiTouchRipple-root"
                    />
                  </a>
                </div>
              </div>
            </div>
            <div
              class="MuiGrid-root MuiGrid-item"
            >
              <button
                class="MuiButtonBase-root MuiButton-root MuiButton-text MuiButton-textSizeSmall MuiButton-sizeSmall"
                style="flex-shrink: 0;"
                tabindex="0"
                type="button"
              >
                <span
                  class="MuiButton-label"
                >
                  <span
                    class="MuiButton-startIcon MuiButton-iconSizeSmall"
                  >
                    <span />
                  </span>
                  Edit YAML
                </span>
                <span
                  class="MuiTouchRipple-root"
                />
              </button>
            </div>
          </div>
        </h2>
      </div>
      <div
        class="MuiDialogContent-root"
      >
        <div
          class="MuiGrid-root MuiGrid-container MuiGrid-spacing-xs-2"
        >
          <div
            class="MuiGrid-root MuiGrid-item MuiGrid-grid-xs-12"
          >
            <div
              class="MuiGrid-root MuiGrid-container MuiGrid-spacing-xs-1"
            >
              <div
                class="MuiGrid-root MuiGrid-item MuiGrid-grid-xs-12"
                style="display: flex;"
              >
                <div
                  class="MuiGrid-root MuiGrid-container MuiGrid-spacing-xs-1"
                >
                  <div
                    class="MuiGrid-root MuiGrid-item MuiGrid-grid-xs-12"
                  >
                    <span
                      class="makeStyles-labelWrap-2"
                    >
                      <span
                        class="MuiTypography-root makeStyles-label-3 MuiTypography-body1"
                      >
                        Cluster
                      </span>
                      <div
                        class="MuiBox-root MuiBox-root-4"
                        style="height: 1.25rem;"
                      />
                    </span>
                  </div>
                  <div
                    class="MuiGrid-root MuiGrid-item MuiGrid-grid-xs-12"
                    style="display: flex; align-items: flex-end;"
                  >
                    <div
                      class="MuiFormControl-root MuiFormControl-fullWidth"
                    >
                      <div
                        class="MuiInputBase-root MuiInput-root MuiInput-underline MuiInputBase-fullWidth MuiInput-fullWidth MuiInputBase-formControl MuiInput-formControl"
                      >
                        <div
                          aria-haspopup="listbox"
                          aria-labelledby="mui-component-select-cluster"
                          class="MuiSelect-root MuiSelect-select MuiSelect-selectMenu MuiInputBase-input MuiInput-input"
                          id="mui-component-select-cluster"
                          role="button"
                          tabindex="0"
                        >
                          in-cluster
                        </div>
                        <input
                          aria-hidden="true"
                          class="MuiSelect-nativeInput"
                          name="cluster"
                          tabindex="-1"
                          value="in-cluster"
                        />
                        <svg
                          aria-hidden="true"
                          class="MuiSvgIcon-root MuiSelect-icon"
                          focusable="false"
                          viewBox="0 0 24 24"
                        >
                          <path
                            d="M7 10l5 5 5-5z"
                          />
                        </svg>
                      </div>
                    </div>
                  </div>
                </div>
              </div>
            </div>
          </div>
          <div
            class="MuiGrid-root MuiGrid-item MuiGrid-grid-xs-6"
          >
            <div
              class="MuiGrid-root MuiGrid-container MuiGrid-spacing-xs-1"
            >
              <div
                class="MuiGrid-root MuiGrid-item MuiGrid-grid-xs-12"
                style="display: flex;"
              >
                <div
                  class="MuiGrid-root MuiGrid-container MuiGrid-spacing-xs-1"
                >
                  <div
                    class="MuiGrid-root MuiGrid-item MuiGrid-grid-xs-12"
                  >
                    <span
                      class="makeStyles-labelWrap-2"
                    >
                      <span
                        class="MuiTypography-root makeStyles-label-3 MuiTypography-body1"
                      >
                        Stage name
                      </span>
                      <span />
                    </span>
                  </div>
                  <div
                    class="MuiGrid-root MuiGrid-item MuiGrid-grid-xs-12"
                    style="display: flex; align-items: flex-end;"
                  >
                    <div
                      class="MuiFormControl-root MuiFormControl-fullWidth"
                    >
                      <div
                        class="MuiFormControl-root MuiTextField-root"
                      >
                        <div
                          class="MuiInputBase-root MuiInput-root MuiInput-underline MuiInputBase-formControl MuiInput-formControl"
                        >
                          <input
                            aria-invalid="false"
                            class="MuiInputBase-input MuiInput-input"
                            name="name"
                            placeholder="Enter stage name"
                            type="text"
                            value=""
                          />
                        </div>
                      </div>
                    </div>
                  </div>
                </div>
              </div>
            </div>
          </div>
          <div
            class="MuiGrid-root MuiGrid-item MuiGrid-grid-xs-6"
          >
            <div
              class="MuiGrid-root MuiGrid-container MuiGrid-spacing-xs-1"
            >
              <div
                class="MuiGrid-root MuiGrid-item MuiGrid-grid-xs-12"
                style="display: flex;"
              >
                <div
                  class="MuiGrid-root MuiGrid-container MuiGrid-spacing-xs-1"
                >
                  <div
                    class="MuiGrid-root MuiGrid-item MuiGrid-grid-xs-12"
                  >
                    <span
                      class="makeStyles-labelWrap-2"
                    >
                      <span
                        class="MuiTypography-root makeStyles-label-3 MuiTypography-body1"
                      >
                        Namespace
                      </span>
                      <span />
                    </span>
                  </div>
                  <div
                    class="MuiGrid-root MuiGrid-item MuiGrid-grid-xs-12"
                    style="display: flex; align-items: flex-end;"
                  >
                    <div
                      class="MuiFormControl-root MuiFormControl-fullWidth"
                    >
                      <div
                        class="MuiFormControl-root MuiTextField-root"
                      >
                        <div
                          class="MuiInputBase-root MuiInput-root MuiInput-underline Mui-disabled Mui-disabled MuiInputBase-formControl MuiInput-formControl MuiInputBase-adornedEnd"
                        >
                          <input
                            aria-invalid="false"
                            class="MuiInputBase-input MuiInput-input Mui-disabled Mui-disabled MuiInputBase-inputAdornedEnd"
                            disabled=""
                            name="deployNamespace"
                            placeholder="Enter namespace to deploy to"
                            type="text"
                            value="default-test-cdpipeline-name"
                          />
                          <div
                            class="MuiInputAdornment-root MuiInputAdornment-positionEnd"
                          >
                            <button
                              class="MuiButtonBase-root MuiIconButton-root MuiIconButton-sizeSmall"
                              tabindex="0"
                              type="button"
                            >
                              <span
                                class="MuiIconButton-label"
                              >
                                <span />
                              </span>
                              <span
                                class="MuiTouchRipple-root"
                              />
                            </button>
                          </div>
                        </div>
                      </div>
                    </div>
                  </div>
                </div>
              </div>
            </div>
          </div>
          <div
            class="MuiGrid-root MuiGrid-item MuiGrid-grid-xs-6"
          >
            <div
              class="MuiGrid-root MuiGrid-container MuiGrid-spacing-xs-1"
            >
              <div
                class="MuiGrid-root MuiGrid-item MuiGrid-grid-xs-12"
                style="display: flex;"
              >
                <div
                  class="MuiGrid-root MuiGrid-container MuiGrid-spacing-xs-1"
                >
                  <div
                    class="MuiGrid-root MuiGrid-item MuiGrid-grid-xs-12"
                  >
                    <span
                      class="makeStyles-labelWrap-2"
                    >
                      <span
                        class="MuiTypography-root makeStyles-label-3 MuiTypography-body1"
                      >
                        Description
                      </span>
                      <div
                        class="MuiBox-root MuiBox-root-5"
                        style="height: 1.25rem;"
                      />
                    </span>
                  </div>
                  <div
                    class="MuiGrid-root MuiGrid-item MuiGrid-grid-xs-12"
                    style="display: flex; align-items: flex-end;"
                  >
                    <div
                      class="MuiFormControl-root MuiFormControl-fullWidth"
                    >
                      <div
                        class="MuiFormControl-root MuiTextField-root"
                      >
                        <div
                          class="MuiInputBase-root MuiInput-root MuiInput-underline MuiInputBase-formControl MuiInput-formControl"
                        >
                          <input
                            aria-invalid="false"
                            class="MuiInputBase-input MuiInput-input"
                            name="description"
                            placeholder="Enter stage description"
                            type="text"
                            value=""
                          />
                        </div>
                      </div>
                    </div>
                  </div>
                </div>
              </div>
            </div>
          </div>
          <div
            class="MuiGrid-root MuiGrid-item MuiGrid-grid-xs-6"
          >
            <div
              class="MuiGrid-root MuiGrid-container MuiGrid-spacing-xs-1"
            >
              <div
                class="MuiGrid-root MuiGrid-item MuiGrid-grid-xs-12"
                style="display: flex;"
              >
                <div
                  class="MuiGrid-root MuiGrid-container MuiGrid-spacing-xs-1"
                >
                  <div
                    class="MuiGrid-root MuiGrid-item MuiGrid-grid-xs-12"
                  >
                    <span
                      class="makeStyles-labelWrap-2"
                    >
                      <span
                        class="MuiTypography-root makeStyles-label-3 MuiTypography-body1"
                      >
                        Trigger type
                      </span>
                      <div
                        class="MuiBox-root MuiBox-root-6"
                        style="height: 1.25rem;"
                      />
                    </span>
                  </div>
                  <div
                    class="MuiGrid-root MuiGrid-item MuiGrid-grid-xs-12"
                    style="display: flex; align-items: flex-end;"
                  >
                    <div
                      class="MuiFormControl-root MuiFormControl-fullWidth"
                    >
                      <div
                        class="MuiInputBase-root MuiInput-root MuiInput-underline MuiInputBase-fullWidth MuiInput-fullWidth MuiInputBase-formControl MuiInput-formControl"
                      >
                        <div
                          aria-haspopup="listbox"
                          aria-labelledby="mui-component-select-triggerType"
                          class="MuiSelect-root MuiSelect-select MuiSelect-selectMenu MuiInputBase-input MuiInput-input"
                          id="mui-component-select-triggerType"
                          role="button"
                          tabindex="0"
                        >
                          Manual
                        </div>
                        <input
                          aria-hidden="true"
                          class="MuiSelect-nativeInput"
                          name="triggerType"
                          tabindex="-1"
                          value="Manual"
                        />
                        <svg
                          aria-hidden="true"
                          class="MuiSvgIcon-root MuiSelect-icon"
                          focusable="false"
                          viewBox="0 0 24 24"
                        >
                          <path
                            d="M7 10l5 5 5-5z"
                          />
                        </svg>
                      </div>
                    </div>
                  </div>
                </div>
              </div>
            </div>
          </div>
          <div
            class="MuiGrid-root MuiGrid-item MuiGrid-grid-xs-12"
          >
            <hr
              class="MuiDivider-root"
              style="margin: 1.25rem auto; width: 100%;"
            />
          </div>
          <div
            class="MuiGrid-root MuiGrid-item MuiGrid-grid-xs-12"
          >
            <div
              class="MuiGrid-root MuiGrid-container MuiGrid-spacing-xs-2"
            >
              <div
                class="MuiGrid-root MuiGrid-item MuiGrid-grid-xs-12"
              >
                <h6
                  class="MuiTypography-root MuiTypography-h6"
                >
                  Quality gates
                </h6>
              </div>
              <div
                class="MuiGrid-root MuiGrid-item MuiGrid-grid-xs-12"
              >
                <div
                  class="MuiGrid-root MuiGrid-container MuiGrid-spacing-xs-2"
                >
                  <div
                    class="MuiGrid-root MuiGrid-item MuiGrid-grid-xs-12"
                  >
                    <div
                      class="MuiGrid-root MuiGrid-container MuiGrid-spacing-xs-2 MuiGrid-align-items-xs-flex-end"
                    >
                      <div
                        class="MuiGrid-root MuiGrid-item MuiGrid-grid-xs-11"
                      >
                        <div
                          class="MuiGrid-root MuiGrid-container"
                        >
                          <div
                            class="MuiGrid-root MuiGrid-item MuiGrid-grid-xs-12"
                          >
                            <div
                              class="MuiGrid-root MuiGrid-container MuiGrid-spacing-xs-1"
                            >
                              <div
                                class="MuiGrid-root MuiGrid-item MuiGrid-grid-xs-3"
                              >
                                <div
                                  class="MuiGrid-root MuiGrid-container MuiGrid-spacing-xs-1"
                                >
                                  <div
                                    class="MuiGrid-root MuiGrid-item MuiGrid-grid-xs-12"
                                    style="display: flex;"
                                  >
                                    <div
                                      class="MuiGrid-root MuiGrid-container MuiGrid-spacing-xs-1"
                                    >
                                      <div
                                        class="MuiGrid-root MuiGrid-item MuiGrid-grid-xs-12"
                                      >
                                        <span
                                          class="makeStyles-labelWrap-2"
                                        >
                                          <span
                                            class="MuiTypography-root makeStyles-label-3 MuiTypography-body1"
                                          >
                                            Quality gate type
                                          </span>
                                          <div
                                            class="MuiBox-root MuiBox-root-7"
                                            style="height: 1.25rem;"
                                          />
                                        </span>
                                      </div>
                                      <div
                                        class="MuiGrid-root MuiGrid-item MuiGrid-grid-xs-12"
                                        style="display: flex; align-items: flex-end;"
                                      >
                                        <div
                                          class="MuiFormControl-root MuiFormControl-fullWidth"
                                        >
                                          <div
                                            class="MuiInputBase-root MuiInput-root MuiInput-underline MuiInputBase-fullWidth MuiInput-fullWidth MuiInputBase-formControl MuiInput-formControl"
                                          >
                                            <div
                                              aria-haspopup="listbox"
                                              aria-labelledby="mui-component-select-quality-gate-type-123456789"
                                              class="MuiSelect-root MuiSelect-select MuiSelect-selectMenu MuiInputBase-input MuiInput-input"
                                              id="mui-component-select-quality-gate-type-123456789"
                                              role="button"
                                              tabindex="0"
                                            >
                                              Manual
                                            </div>
                                            <input
                                              aria-hidden="true"
                                              class="MuiSelect-nativeInput"
                                              name="quality-gate-type-123456789"
                                              tabindex="-1"
                                              value="manual"
                                            />
                                            <svg
                                              aria-hidden="true"
                                              class="MuiSvgIcon-root MuiSelect-icon"
                                              focusable="false"
                                              viewBox="0 0 24 24"
                                            >
                                              <path
                                                d="M7 10l5 5 5-5z"
                                              />
                                            </svg>
                                          </div>
                                        </div>
                                      </div>
                                    </div>
                                  </div>
                                </div>
                              </div>
                              <div
                                class="MuiGrid-root MuiGrid-item MuiGrid-grid-xs-3"
                              >
                                <div
                                  class="MuiGrid-root MuiGrid-container MuiGrid-spacing-xs-1"
                                >
                                  <div
                                    class="MuiGrid-root MuiGrid-item MuiGrid-grid-xs-12"
                                    style="display: flex;"
                                  >
                                    <div
                                      class="MuiGrid-root MuiGrid-container MuiGrid-spacing-xs-1"
                                    >
                                      <div
                                        class="MuiGrid-root MuiGrid-item MuiGrid-grid-xs-12"
                                      >
                                        <span
                                          class="makeStyles-labelWrap-2"
                                        >
                                          <span
                                            class="MuiTypography-root makeStyles-label-3 MuiTypography-body1"
                                          >
                                            Step name
                                          </span>
                                          <div
                                            class="MuiBox-root MuiBox-root-8"
                                            style="height: 1.25rem;"
                                          />
                                        </span>
                                      </div>
                                      <div
                                        class="MuiGrid-root MuiGrid-item MuiGrid-grid-xs-12"
                                        style="display: flex; align-items: flex-end;"
                                      >
                                        <div
                                          class="MuiFormControl-root MuiFormControl-fullWidth"
                                        >
                                          <div
                                            class="MuiFormControl-root MuiTextField-root"
                                          >
                                            <div
                                              class="MuiInputBase-root MuiInput-root MuiInput-underline MuiInputBase-formControl MuiInput-formControl"
                                            >
                                              <input
                                                aria-invalid="false"
                                                class="MuiInputBase-input MuiInput-input"
                                                name="quality-gate-step-name-123456789"
                                                placeholder="Enter step name"
                                                type="text"
                                                value=""
                                              />
                                            </div>
                                          </div>
                                        </div>
                                      </div>
                                    </div>
                                  </div>
                                </div>
                              </div>
                            </div>
                          </div>
                        </div>
                      </div>
                      <div
                        class="MuiGrid-root MuiGrid-item MuiGrid-grid-xs-1"
                      >
                        <button
                          class="MuiButtonBase-root MuiButton-root MuiButton-text MuiButton-textSizeSmall MuiButton-sizeSmall"
                          style="min-width: 0;"
                          tabindex="0"
                          type="button"
                        >
                          <span
                            class="MuiButton-label"
                          >
                            <span />
                          </span>
                          <span
                            class="MuiTouchRipple-root"
                          />
                        </button>
                      </div>
                    </div>
                  </div>
                </div>
              </div>
              <div
                class="MuiGrid-root MuiGrid-item MuiGrid-grid-xs-12"
              >
                <button
                  class="MuiButtonBase-root MuiButton-root MuiButton-contained MuiButton-containedSizeSmall MuiButton-sizeSmall"
                  style="min-width: 0;"
                  tabindex="0"
                  type="button"
                >
                  <span
                    class="MuiButton-label"
                  >
                    add
                  </span>
                  <span
                    class="MuiTouchRipple-root"
                  />
                </button>
              </div>
            </div>
          </div>
        </div>
      </div>
      <div
        class="MuiDialogActions-root MuiDialogActions-spacing"
      >
        <button
          class="MuiButtonBase-root MuiButton-root MuiButton-text MuiButton-textSizeSmall MuiButton-sizeSmall Mui-disabled Mui-disabled"
          disabled=""
          tabindex="-1"
          type="button"
        >
          <span
            class="MuiButton-label"
          >
            undo changes
          </span>
        </button>
        <button
          class="MuiButtonBase-root MuiButton-root MuiButton-text MuiButton-textSizeSmall MuiButton-sizeSmall"
          style="margin-left: auto;"
          tabindex="0"
          type="button"
        >
          <span
            class="MuiButton-label"
          >
            cancel
          </span>
          <span
            class="MuiTouchRipple-root"
          />
        </button>
        <button
          class="MuiButtonBase-root MuiButton-root MuiButton-contained MuiButton-containedPrimary MuiButton-containedSizeSmall MuiButton-sizeSmall Mui-disabled Mui-disabled"
          disabled=""
          tabindex="-1"
          type="button"
        >
          <span
            class="MuiButton-label"
          >
            apply
          </span>
        </button>
      </div>
    </div>
  </div>
  <div
    data-test="sentinelEnd"
    tabindex="0"
  />
</div>
`;
