// Jest Snapshot v1, https://goo.gl/fbAQLP

exports[`renders CreateEditCodebase Create component 1`] = `
<div
  class="MuiDialog-root"
  data-testid="dialog"
  role="presentation"
  style="position: fixed; z-index: 1300; right: 0px; bottom: 0px; top: 0px; left: 0px;"
>
  <div
    aria-hidden="true"
    class="MuiBackdrop-root"
    style="opacity: 1; webkit-transition: opacity 225ms cubic-bezier(0.4, 0, 0.2, 1) 0ms; transition: opacity 225ms cubic-bezier(0.4, 0, 0.2, 1) 0ms;"
  />
  <div
    data-test="sentinelStart"
    tabindex="0"
  />
  <div
    class="MuiDialog-container MuiDialog-scrollPaper"
    role="none presentation"
    style="opacity: 1; webkit-transition: opacity 225ms cubic-bezier(0.4, 0, 0.2, 1) 0ms; transition: opacity 225ms cubic-bezier(0.4, 0, 0.2, 1) 0ms;"
    tabindex="-1"
  >
    <div
      class="MuiPaper-root MuiDialog-paper MuiDialog-paperScrollPaper MuiDialog-paperWidthMd MuiDialog-paperFullWidth MuiPaper-elevation24 MuiPaper-rounded"
      role="dialog"
    >
      <div
        class="MuiBox-root MuiBox-root-4"
      >
        <h4
          class="MuiTypography-root MuiTypography-h4"
          style="margin-bottom: 1.25rem;"
        >
          Create new component
        </h4>
        <div>
          <div
            class="MuiGrid-root MuiGrid-container MuiGrid-spacing-xs-3"
          >
            <div
              class="MuiGrid-root MuiGrid-item MuiGrid-grid-xs-12"
            >
              <div
                class="MuiGrid-root MuiGrid-container MuiGrid-spacing-xs-1"
              >
                <div
                  class="MuiGrid-root MuiGrid-item MuiGrid-grid-xs-12"
                >
                  <div
                    class="MuiFormControl-root"
                    style="width: 100%;"
                  >
                    <div
                      class="MuiGrid-root MuiGrid-container MuiGrid-spacing-xs-1"
                    >
                      <div
                        class="MuiGrid-root MuiGrid-item MuiGrid-grid-xs-12"
                      >
                        <div
                          class="MuiFormGroup-root makeStyles-radioGroup-5 MuiFormGroup-row"
                          role="radiogroup"
                        >
                          <div
                            class="MuiGrid-root MuiGrid-container MuiGrid-spacing-xs-2"
                          >
                            <div
                              class="MuiGrid-root MuiGrid-item MuiGrid-grid-xs-6"
                            >
                              <button
                                class="MuiButtonBase-root makeStyles-radioControlButton-6"
                                tabindex="0"
                                type="button"
                              >
                                <label
                                  class="MuiFormControlLabel-root makeStyles-radioControlLabel-8"
                                >
                                  <span
                                    aria-disabled="false"
                                    class="MuiButtonBase-root MuiIconButton-root PrivateSwitchBase-root-9 MuiRadio-root MuiRadio-colorPrimary MuiIconButton-colorPrimary"
                                  >
                                    <span
                                      class="MuiIconButton-label"
                                    >
                                      <input
                                        class="PrivateSwitchBase-input-12"
                                        name="type"
                                        type="radio"
                                        value="infrastructure"
                                      />
                                      <span />
                                    </span>
                                  </span>
                                  <span
                                    class="MuiTypography-root MuiFormControlLabel-label MuiTypography-body1"
                                  >
                                    <span
                                      class="MuiGrid-root MuiGrid-container MuiGrid-spacing-xs-1 MuiGrid-align-items-xs-flex-start"
                                      style="height: auto;"
                                    >
                                      <span
                                        class="MuiGrid-root MuiGrid-item MuiGrid-grid-xs-12"
                                      >
                                        <div
                                          class="MuiTypography-root MuiTypography-h6 MuiTypography-alignLeft"
                                        >
                                          Infrastructure
                                        </div>
                                      </span>
                                      <span
                                        class="MuiGrid-root MuiGrid-item MuiGrid-grid-xs-12"
                                      >
                                        <div
                                          class="MuiTypography-root MuiTypography-caption MuiTypography-alignLeft"
                                        >
                                          Deploys and manages the infrastructure components in cloud environments using Infrastructure as Code (IaC) approach. Manage, Version and Promote your IaC environments here.
                                        </div>
                                      </span>
                                    </span>
                                  </span>
                                </label>
                                <span
                                  class="MuiTouchRipple-root"
                                />
                              </button>
                            </div>
                            <div
                              class="MuiGrid-root MuiGrid-item MuiGrid-grid-xs-6"
                            >
                              <button
                                class="MuiButtonBase-root makeStyles-radioControlButton-6"
                                tabindex="0"
                                type="button"
                              >
                                <label
                                  class="MuiFormControlLabel-root makeStyles-radioControlLabel-8"
                                >
                                  <span
                                    aria-disabled="false"
                                    class="MuiButtonBase-root MuiIconButton-root PrivateSwitchBase-root-9 MuiRadio-root MuiRadio-colorPrimary MuiIconButton-colorPrimary"
                                  >
                                    <span
                                      class="MuiIconButton-label"
                                    >
                                      <input
                                        class="PrivateSwitchBase-input-12"
                                        name="type"
                                        type="radio"
                                        value="application"
                                      />
                                      <span />
                                    </span>
                                  </span>
                                  <span
                                    class="MuiTypography-root MuiFormControlLabel-label MuiTypography-body1"
                                  >
                                    <span
                                      class="MuiGrid-root MuiGrid-container MuiGrid-spacing-xs-1 MuiGrid-align-items-xs-flex-start"
                                      style="height: auto;"
                                    >
                                      <span
                                        class="MuiGrid-root MuiGrid-item MuiGrid-grid-xs-12"
                                      >
                                        <div
                                          class="MuiTypography-root MuiTypography-h6 MuiTypography-alignLeft"
                                        >
                                          Application
                                        </div>
                                      </span>
                                      <span
                                        class="MuiGrid-root MuiGrid-item MuiGrid-grid-xs-12"
                                      >
                                        <div
                                          class="MuiTypography-root MuiTypography-caption MuiTypography-alignLeft"
                                        >
                                          Deploys services and includes configuration files, deployment scripts, and other resources needed to create and manage the application's infrastructure.
                                        </div>
                                      </span>
                                    </span>
                                  </span>
                                </label>
                                <span
                                  class="MuiTouchRipple-root"
                                />
                              </button>
                            </div>
                            <div
                              class="MuiGrid-root MuiGrid-item MuiGrid-grid-xs-6"
                            >
                              <button
                                class="MuiButtonBase-root makeStyles-radioControlButton-6"
                                tabindex="0"
                                type="button"
                              >
                                <label
                                  class="MuiFormControlLabel-root makeStyles-radioControlLabel-8"
                                >
                                  <span
                                    aria-disabled="false"
                                    class="MuiButtonBase-root MuiIconButton-root PrivateSwitchBase-root-9 MuiRadio-root MuiRadio-colorPrimary MuiIconButton-colorPrimary"
                                  >
                                    <span
                                      class="MuiIconButton-label"
                                    >
                                      <input
                                        class="PrivateSwitchBase-input-12"
                                        name="type"
                                        type="radio"
                                        value="library"
                                      />
                                      <span />
                                    </span>
                                  </span>
                                  <span
                                    class="MuiTypography-root MuiFormControlLabel-label MuiTypography-body1"
                                  >
                                    <span
                                      class="MuiGrid-root MuiGrid-container MuiGrid-spacing-xs-1 MuiGrid-align-items-xs-flex-start"
                                      style="height: auto;"
                                    >
                                      <span
                                        class="MuiGrid-root MuiGrid-item MuiGrid-grid-xs-12"
                                      >
                                        <div
                                          class="MuiTypography-root MuiTypography-h6 MuiTypography-alignLeft"
                                        >
                                          Library
                                        </div>
                                      </span>
                                      <span
                                        class="MuiGrid-root MuiGrid-item MuiGrid-grid-xs-12"
                                      >
                                        <div
                                          class="MuiTypography-root MuiTypography-caption MuiTypography-alignLeft"
                                        >
                                          Provides reusable code that can be incorporated into services. It includes additional functions, modules that might be shared across services.
                                        </div>
                                      </span>
                                    </span>
                                  </span>
                                </label>
                                <span
                                  class="MuiTouchRipple-root"
                                />
                              </button>
                            </div>
                            <div
                              class="MuiGrid-root MuiGrid-item MuiGrid-grid-xs-6"
                            >
                              <button
                                class="MuiButtonBase-root makeStyles-radioControlButton-6"
                                tabindex="0"
                                type="button"
                              >
                                <label
                                  class="MuiFormControlLabel-root makeStyles-radioControlLabel-8"
                                >
                                  <span
                                    aria-disabled="false"
                                    class="MuiButtonBase-root MuiIconButton-root PrivateSwitchBase-root-9 MuiRadio-root MuiRadio-colorPrimary MuiIconButton-colorPrimary"
                                  >
                                    <span
                                      class="MuiIconButton-label"
                                    >
                                      <input
                                        class="PrivateSwitchBase-input-12"
                                        name="type"
                                        type="radio"
                                        value="autotest"
                                      />
                                      <span />
                                    </span>
                                  </span>
                                  <span
                                    class="MuiTypography-root MuiFormControlLabel-label MuiTypography-body1"
                                  >
                                    <span
                                      class="MuiGrid-root MuiGrid-container MuiGrid-spacing-xs-1 MuiGrid-align-items-xs-flex-start"
                                      style="height: auto;"
                                    >
                                      <span
                                        class="MuiGrid-root MuiGrid-item MuiGrid-grid-xs-12"
                                      >
                                        <div
                                          class="MuiTypography-root MuiTypography-h6 MuiTypography-alignLeft"
                                        >
                                          Autotest
                                        </div>
                                      </span>
                                      <span
                                        class="MuiGrid-root MuiGrid-item MuiGrid-grid-xs-12"
                                      >
                                        <div
                                          class="MuiTypography-root MuiTypography-caption MuiTypography-alignLeft"
                                        >
                                          Onboard and start defining Quality Gate for deployment pipelines here.
                                        </div>
                                      </span>
                                    </span>
                                  </span>
                                </label>
                                <span
                                  class="MuiTouchRipple-root"
                                />
                              </button>
                            </div>
                          </div>
                        </div>
                      </div>
                    </div>
                  </div>
                </div>
              </div>
            </div>
            <div
              class="MuiGrid-root MuiGrid-item MuiGrid-grid-xs-12"
            >
              <hr
                class="MuiDivider-root"
                style="margin: 0px auto; width: 70%;"
              />
            </div>
            <div
              class="MuiGrid-root MuiGrid-item MuiGrid-grid-xs-12"
            >
              <div
                class="MuiGrid-root MuiGrid-container MuiGrid-spacing-xs-1"
              >
                <div
                  class="MuiGrid-root MuiGrid-item MuiGrid-grid-xs-12"
                >
                  <div
                    class="MuiFormControl-root"
                    style="width: 100%;"
                  >
                    <div
                      class="MuiGrid-root MuiGrid-container MuiGrid-spacing-xs-1"
                    >
                      <div
                        class="MuiGrid-root MuiGrid-item MuiGrid-grid-xs-12"
                      >
                        <div
                          class="MuiFormGroup-root makeStyles-radioGroup-5 MuiFormGroup-row"
                          role="radiogroup"
                        >
                          <div
                            class="MuiGrid-root MuiGrid-container MuiGrid-spacing-xs-2"
                          >
                            <div
                              class="MuiGrid-root MuiGrid-item MuiGrid-grid-xs-4"
                            >
                              <button
                                class="MuiButtonBase-root makeStyles-radioControlButton-6 Mui-disabled"
                                disabled=""
                                tabindex="-1"
                                type="button"
                              >
                                <label
                                  class="MuiFormControlLabel-root makeStyles-radioControlLabel-8 Mui-disabled"
                                >
                                  <span
                                    aria-disabled="true"
                                    class="MuiButtonBase-root MuiIconButton-root PrivateSwitchBase-root-9 MuiRadio-root MuiRadio-colorPrimary PrivateSwitchBase-disabled-11 Mui-disabled MuiIconButton-colorPrimary Mui-disabled Mui-disabled"
                                    tabindex="-1"
                                  >
                                    <span
                                      class="MuiIconButton-label"
                                    >
                                      <input
                                        class="PrivateSwitchBase-input-12"
                                        disabled=""
                                        name="strategy"
                                        type="radio"
                                        value="create"
                                      />
                                      <span />
                                    </span>
                                  </span>
                                  <span
                                    class="MuiTypography-root MuiFormControlLabel-label Mui-disabled MuiTypography-body1"
                                  >
                                    <span
                                      class="MuiGrid-root MuiGrid-container MuiGrid-spacing-xs-1 MuiGrid-align-items-xs-flex-start"
                                      style="height: auto;"
                                    >
                                      <span
                                        class="MuiGrid-root MuiGrid-item MuiGrid-grid-xs-12"
                                      >
                                        <div
                                          class="MuiTypography-root MuiTypography-h6 MuiTypography-alignLeft"
                                        >
                                          Create from template
                                        </div>
                                      </span>
                                      <span
                                        class="MuiGrid-root MuiGrid-item MuiGrid-grid-xs-12"
                                      >
                                        <div
                                          class="MuiTypography-root MuiTypography-caption MuiTypography-alignLeft"
                                        >
                                          Create a sample project from a template to start quickly.
                                        </div>
                                      </span>
                                    </span>
                                  </span>
                                </label>
                              </button>
                            </div>
                            <div
                              class="MuiGrid-root MuiGrid-item MuiGrid-grid-xs-4"
                            >
                              <button
                                class="MuiButtonBase-root makeStyles-radioControlButton-6 Mui-disabled"
                                disabled=""
                                tabindex="-1"
                                type="button"
                              >
                                <label
                                  class="MuiFormControlLabel-root makeStyles-radioControlLabel-8 Mui-disabled"
                                >
                                  <span
                                    aria-disabled="true"
                                    class="MuiButtonBase-root MuiIconButton-root PrivateSwitchBase-root-9 MuiRadio-root MuiRadio-colorPrimary PrivateSwitchBase-disabled-11 Mui-disabled MuiIconButton-colorPrimary Mui-disabled Mui-disabled"
                                    tabindex="-1"
                                  >
                                    <span
                                      class="MuiIconButton-label"
                                    >
                                      <input
                                        class="PrivateSwitchBase-input-12"
                                        disabled=""
                                        name="strategy"
                                        type="radio"
                                        value="clone"
                                      />
                                      <span />
                                    </span>
                                  </span>
                                  <span
                                    class="MuiTypography-root MuiFormControlLabel-label Mui-disabled MuiTypography-body1"
                                  >
                                    <span
                                      class="MuiGrid-root MuiGrid-container MuiGrid-spacing-xs-1 MuiGrid-align-items-xs-flex-start"
                                      style="height: auto;"
                                    >
                                      <span
                                        class="MuiGrid-root MuiGrid-item MuiGrid-grid-xs-12"
                                      >
                                        <div
                                          class="MuiTypography-root MuiTypography-h6 MuiTypography-alignLeft"
                                        >
                                          Clone project
                                        </div>
                                      </span>
                                      <span
                                        class="MuiGrid-root MuiGrid-item MuiGrid-grid-xs-12"
                                      >
                                        <div
                                          class="MuiTypography-root MuiTypography-caption MuiTypography-alignLeft"
                                        >
                                          Clone code from third-party VCS providers.
                                        </div>
                                      </span>
                                    </span>
                                  </span>
                                </label>
                              </button>
                            </div>
                            <div
                              class="MuiGrid-root MuiGrid-item MuiGrid-grid-xs-4"
                            >
                              <button
                                class="MuiButtonBase-root makeStyles-radioControlButton-6 Mui-disabled"
                                disabled=""
                                tabindex="-1"
                                type="button"
                              >
                                <label
                                  class="MuiFormControlLabel-root makeStyles-radioControlLabel-8 Mui-disabled"
                                >
                                  <span
                                    aria-disabled="true"
                                    class="MuiButtonBase-root MuiIconButton-root PrivateSwitchBase-root-9 MuiRadio-root MuiRadio-colorPrimary PrivateSwitchBase-disabled-11 Mui-disabled MuiIconButton-colorPrimary Mui-disabled Mui-disabled"
                                    tabindex="-1"
                                  >
                                    <span
                                      class="MuiIconButton-label"
                                    >
                                      <input
                                        class="PrivateSwitchBase-input-12"
                                        disabled=""
                                        name="strategy"
                                        type="radio"
                                        value="import"
                                      />
                                      <span />
                                    </span>
                                  </span>
                                  <span
                                    class="MuiTypography-root MuiFormControlLabel-label Mui-disabled MuiTypography-body1"
                                  >
                                    <span
                                      class="MuiGrid-root MuiGrid-container MuiGrid-spacing-xs-1 MuiGrid-align-items-xs-flex-start"
                                      style="height: auto;"
                                    >
                                      <span
                                        class="MuiGrid-root MuiGrid-item MuiGrid-grid-xs-12"
                                      >
                                        <div
                                          class="MuiTypography-root MuiTypography-h6 MuiTypography-alignLeft"
                                        >
                                          Import project
                                        </div>
                                      </span>
                                      <span
                                        class="MuiGrid-root MuiGrid-item MuiGrid-grid-xs-12"
                                      >
                                        <div
                                          class="MuiTypography-root MuiTypography-caption MuiTypography-alignLeft"
                                        >
                                          Onboard your existing code to the EDP platform.
                                        </div>
                                      </span>
                                    </span>
                                  </span>
                                </label>
                              </button>
                            </div>
                          </div>
                        </div>
                      </div>
                    </div>
                  </div>
                </div>
              </div>
            </div>
          </div>
        </div>
      </div>
    </div>
  </div>
  <div
    data-test="sentinelEnd"
    tabindex="0"
  />
</div>
`;
