// Jest Snapshot v1, https://goo.gl/fbAQLP

exports[`renders CreateEditCodebase Edit component 1`] = `
<div
  class="MuiDialog-root"
  data-testid="dialog"
  role="presentation"
  style="position: fixed; z-index: 1300; right: 0px; bottom: 0px; top: 0px; left: 0px;"
>
  <div
    aria-hidden="true"
    class="MuiBackdrop-root"
    style="opacity: 1; webkit-transition: opacity 225ms cubic-bezier(0.4, 0, 0.2, 1) 0ms; transition: opacity 225ms cubic-bezier(0.4, 0, 0.2, 1) 0ms;"
  />
  <div
    data-test="sentinelStart"
    tabindex="0"
  />
  <div
    class="MuiDialog-container MuiDialog-scrollPaper"
    role="none presentation"
    style="opacity: 1; webkit-transition: opacity 225ms cubic-bezier(0.4, 0, 0.2, 1) 0ms; transition: opacity 225ms cubic-bezier(0.4, 0, 0.2, 1) 0ms;"
    tabindex="-1"
  >
    <div
      class="MuiPaper-root MuiDialog-paper MuiDialog-paperScrollPaper MuiDialog-paperWidthMd MuiDialog-paperFullWidth MuiPaper-elevation24 MuiPaper-rounded"
      role="dialog"
    >
      <div
        class="MuiDialogTitle-root"
      >
        <h2
          class="MuiTypography-root MuiTypography-h6"
        >
          <div
            class="MuiGrid-root MuiGrid-container MuiGrid-spacing-xs-1 MuiGrid-align-items-xs-center MuiGrid-justify-content-xs-space-between"
          >
            <div
              class="MuiGrid-root MuiGrid-item"
            >
              <div
                class="MuiGrid-root MuiGrid-container MuiGrid-spacing-xs-1 MuiGrid-align-items-xs-center"
              >
                <div
                  class="MuiGrid-root MuiGrid-item"
                >
                  <h5
                    class="MuiTypography-root MuiTypography-h5"
                  >
                    Edit test-codebase-name
                  </h5>
                </div>
                <div
                  class="MuiGrid-root MuiGrid-item"
                >
                  <a
                    aria-disabled="false"
                    class="MuiButtonBase-root MuiIconButton-root"
                    href="https://epam.github.io/edp-install/user-guide/add-application"
                    tabindex="0"
                    target="_blank"
                  >
                    <span
                      class="MuiIconButton-label"
                    >
                      <span />
                    </span>
                    <span
                      class="MuiTouchRipple-root"
                    />
                  </a>
                </div>
              </div>
            </div>
          </div>
        </h2>
      </div>
      <div
        class="MuiDialogContent-root"
      >
        <div
          class="MuiGrid-root MuiGrid-container MuiGrid-spacing-xs-1"
        >
          <div
            class="MuiGrid-root MuiGrid-item MuiGrid-grid-xs-12"
          >
            <div
              class="MuiGrid-root MuiGrid-container MuiGrid-spacing-xs-1"
            >
              <div
                class="MuiGrid-root MuiGrid-item MuiGrid-grid-xs-12"
                style="display: flex;"
              >
                <div
                  class="MuiGrid-root MuiGrid-container MuiGrid-spacing-xs-1"
                >
                  <div
                    class="MuiGrid-root MuiGrid-item MuiGrid-grid-xs-12"
                  >
                    <span
                      class="makeStyles-labelWrap-1"
                    >
                      <span
                        class="MuiTypography-root makeStyles-label-2 MuiTypography-body1"
                      >
                        Specify the pattern to validate a commit message
                      </span>
                      <span />
                    </span>
                  </div>
                  <div
                    class="MuiGrid-root MuiGrid-item MuiGrid-grid-xs-12"
                    style="display: flex; align-items: flex-end;"
                  >
                    <div
                      class="MuiFormControl-root MuiFormControl-fullWidth"
                    >
                      <div
                        class="MuiFormControl-root MuiTextField-root"
                      >
                        <div
                          class="MuiInputBase-root MuiInput-root MuiInput-underline MuiInputBase-formControl MuiInput-formControl"
                        >
                          <input
                            aria-invalid="false"
                            class="MuiInputBase-input MuiInput-input"
                            name="commitMessagePattern"
                            placeholder="^\\[PROJECT_NAME-\\d{4}\\]:.*"
                            type="text"
                            value=""
                          />
                        </div>
                      </div>
                    </div>
                  </div>
                </div>
              </div>
            </div>
          </div>
          <div
            class="MuiGrid-root MuiGrid-item MuiGrid-grid-xs-12"
          >
            <div
              class="MuiGrid-root MuiGrid-container MuiGrid-spacing-xs-2"
            >
              <div
                class="MuiGrid-root MuiGrid-item MuiGrid-grid-xs-12"
              >
                <div
                  class="MuiGrid-root MuiGrid-container MuiGrid-spacing-xs-1 MuiGrid-align-items-xs-center"
                >
                  <div
                    class="MuiGrid-root MuiGrid-item"
                  >
                    <div
                      class="MuiGrid-root MuiGrid-container MuiGrid-spacing-xs-1"
                    >
                      <div
                        class="MuiGrid-root MuiGrid-item MuiGrid-grid-xs-12"
                        style="display: flex; justify-content: flex-start;"
                      >
                        <div
                          class="MuiFormControl-root"
                        >
                          <label
                            class="MuiFormControlLabel-root"
                            style="margin: 0px;"
                          >
                            <span
                              aria-disabled="false"
                              class="MuiButtonBase-root MuiIconButton-root PrivateSwitchBase-root-3 MuiCheckbox-root MuiCheckbox-colorPrimary MuiIconButton-colorPrimary"
                            >
                              <span
                                class="MuiIconButton-label"
                              >
                                <input
                                  class="PrivateSwitchBase-input-6"
                                  data-indeterminate="false"
                                  name="hasJiraServerIntegration"
                                  type="checkbox"
                                  value="false"
                                />
                                <svg
                                  aria-hidden="true"
                                  class="MuiSvgIcon-root"
                                  focusable="false"
                                  viewBox="0 0 24 24"
                                >
                                  <path
                                    d="M19 5v14H5V5h14m0-2H5c-1.1 0-2 .9-2 2v14c0 1.1.9 2 2 2h14c1.1 0 2-.9 2-2V5c0-1.1-.9-2-2-2z"
                                  />
                                </svg>
                              </span>
                              <span
                                class="MuiTouchRipple-root"
                              />
                            </span>
                            <span
                              class="MuiTypography-root MuiFormControlLabel-label MuiTypography-body1"
                            >
                              <span
                                style="display: inline-block; margin-top: 0.125rem;"
                              >
                                <span
                                  class="makeStyles-labelWrap-1"
                                >
                                  <span
                                    class="MuiTypography-root makeStyles-label-2 MuiTypography-body1"
                                  >
                                    Integrate with Jira server
                                  </span>
                                  <div
                                    class="MuiBox-root MuiBox-root-7"
                                    style="height: 1.25rem;"
                                  />
                                </span>
                              </span>
                            </span>
                          </label>
                        </div>
                      </div>
                    </div>
                  </div>
                  <div
                    class="MuiGrid-root MuiGrid-item"
                  >
                    <a
                      aria-disabled="false"
                      class="MuiButtonBase-root MuiIconButton-root"
                      href="https://epam.github.io/edp-install/operator-guide/jira-integration/"
                      tabindex="0"
                      target="_blank"
                    >
                      <span
                        class="MuiIconButton-label"
                      >
                        <span />
                      </span>
                      <span
                        class="MuiTouchRipple-root"
                      />
                    </a>
                  </div>
                </div>
              </div>
            </div>
          </div>
        </div>
      </div>
      <div
        class="MuiDialogActions-root MuiDialogActions-spacing"
      >
        <button
          class="MuiButtonBase-root MuiButton-root MuiButton-text MuiButton-textSizeSmall MuiButton-sizeSmall Mui-disabled Mui-disabled"
          disabled=""
          tabindex="-1"
          type="button"
        >
          <span
            class="MuiButton-label"
          >
            undo changes
          </span>
        </button>
        <button
          class="MuiButtonBase-root MuiButton-root MuiButton-text MuiButton-textSizeSmall MuiButton-sizeSmall"
          style="margin-left: auto;"
          tabindex="0"
          type="button"
        >
          <span
            class="MuiButton-label"
          >
            cancel
          </span>
          <span
            class="MuiTouchRipple-root"
          />
        </button>
        <button
          class="MuiButtonBase-root MuiButton-root MuiButton-contained MuiButton-containedPrimary MuiButton-containedSizeSmall MuiButton-sizeSmall Mui-disabled Mui-disabled"
          disabled=""
          tabindex="-1"
          type="button"
        >
          <span
            class="MuiButton-label"
          >
            apply
          </span>
        </button>
      </div>
    </div>
  </div>
  <div
    data-test="sentinelEnd"
    tabindex="0"
  />
</div>
`;
