// Jest Snapshot v1, https://goo.gl/fbAQLP

exports[`renders CreateCodebaseFromTemplate component 1`] = `
<div
  class="MuiDialog-root"
  data-testid="dialog"
  role="presentation"
  style="position: fixed; z-index: 1300; right: 0px; bottom: 0px; top: 0px; left: 0px;"
>
  <div
    aria-hidden="true"
    class="MuiBackdrop-root"
    style="opacity: 1; webkit-transition: opacity 225ms cubic-bezier(0.4, 0, 0.2, 1) 0ms; transition: opacity 225ms cubic-bezier(0.4, 0, 0.2, 1) 0ms;"
  />
  <div
    data-test="sentinelStart"
    tabindex="0"
  />
  <div
    class="MuiDialog-container MuiDialog-scrollPaper"
    role="none presentation"
    style="opacity: 1; webkit-transition: opacity 225ms cubic-bezier(0.4, 0, 0.2, 1) 0ms; transition: opacity 225ms cubic-bezier(0.4, 0, 0.2, 1) 0ms;"
    tabindex="-1"
  >
    <div
      class="MuiPaper-root MuiDialog-paper MuiDialog-paperScrollPaper MuiDialog-paperWidthMd MuiDialog-paperFullWidth MuiPaper-elevation24 MuiPaper-rounded"
      role="dialog"
    >
      <div
        class="MuiDialogTitle-root"
      >
        <h2
          class="MuiTypography-root MuiTypography-h6"
        >
          <h5
            class="MuiTypography-root MuiTypography-h5"
          >
            Creating 
            test-type
             from 
            <strong>
              "
              test-displayName
              "
            </strong>
             template
          </h5>
        </h2>
      </div>
      <div
        class="MuiDialogContent-root"
      >
        <div
          class="makeStyles-defaultValuesBoard-1"
        >
          <div
            class="makeStyles-root-4"
          >
            <div
              class="MuiGrid-root MuiGrid-container MuiGrid-spacing-xs-4"
            >
              <div
                class="MuiGrid-root MuiGrid-item MuiGrid-grid-xs-12"
              >
                <div
                  class="MuiGrid-root MuiGrid-container MuiGrid-spacing-xs-2"
                >
                  <div
                    class="MuiGrid-root MuiGrid-item MuiGrid-grid-xs-2"
                  >
                    <p
                      class="MuiTypography-root MuiTypography-body2 MuiTypography-gutterBottom"
                    >
                      Language
                    </p>
                    <div
                      class="MuiGrid-root MuiGrid-container MuiGrid-spacing-xs-1 MuiGrid-align-items-xs-center"
                    >
                      <div
                        class="MuiGrid-root MuiGrid-item"
                      >
                        <span
                          style="display: block; line-height: 0;"
                        >
                          <svg
                            height="20"
                            width="20"
                          >
                            <use
                              xlink:href="#other"
                            />
                          </svg>
                        </span>
                      </div>
                      <div
                        class="MuiGrid-root MuiGrid-item"
                      >
                        <span
                          class="MuiTypography-root MuiTypography-caption"
                          style="line-height: 1;"
                        >
                          test-language
                        </span>
                      </div>
                    </div>
                  </div>
                  <div
                    class="MuiGrid-root MuiGrid-item MuiGrid-grid-xs-2"
                  >
                    <p
                      class="MuiTypography-root MuiTypography-body2 MuiTypography-gutterBottom"
                    >
                      Framework
                    </p>
                    <div
                      class="MuiGrid-root MuiGrid-container MuiGrid-spacing-xs-1 MuiGrid-align-items-xs-center"
                    >
                      <div
                        class="MuiGrid-root MuiGrid-item"
                      >
                        <span
                          style="display: block; line-height: 0;"
                        >
                          <svg
                            height="20"
                            width="20"
                          >
                            <use
                              xlink:href="#other"
                            />
                          </svg>
                        </span>
                      </div>
                      <div
                        class="MuiGrid-root MuiGrid-item"
                      >
                        <span
                          class="MuiTypography-root MuiTypography-caption"
                          style="line-height: 1;"
                        >
                          test-framework
                        </span>
                      </div>
                    </div>
                  </div>
                  <div
                    class="MuiGrid-root MuiGrid-item MuiGrid-grid-xs-2"
                  >
                    <p
                      class="MuiTypography-root MuiTypography-body2 MuiTypography-gutterBottom"
                    >
                      Build Tool
                    </p>
                    <div
                      class="MuiGrid-root MuiGrid-container MuiGrid-spacing-xs-1 MuiGrid-align-items-xs-center"
                    >
                      <div
                        class="MuiGrid-root MuiGrid-item"
                      >
                        <span
                          style="display: block; line-height: 0;"
                        >
                          <svg
                            height="20"
                            width="20"
                          >
                            <use
                              xlink:href="#other"
                            />
                          </svg>
                        </span>
                      </div>
                      <div
                        class="MuiGrid-root MuiGrid-item"
                      >
                        <span
                          class="MuiTypography-root MuiTypography-caption"
                          style="line-height: 1;"
                        >
                          test-buildTool
                        </span>
                      </div>
                    </div>
                  </div>
                  <div
                    class="MuiGrid-root MuiGrid-item MuiGrid-grid-xs-6"
                  >
                    <p
                      class="MuiTypography-root MuiTypography-body2 MuiTypography-gutterBottom"
                    >
                      Source
                    </p>
                    <div
                      class="MuiGrid-root MuiGrid-container MuiGrid-spacing-xs-1 MuiGrid-align-items-xs-center"
                    >
                      <div
                        class="MuiGrid-root MuiGrid-item"
                      >
                        <span
                          class="MuiTypography-root MuiTypography-caption"
                          style="line-height: 1;"
                        >
                          <a
                            class="MuiTypography-root MuiLink-root MuiLink-underlineHover MuiTypography-colorPrimary"
                            href="test-source"
                            target="_blank"
                          >
                            test-source
                          </a>
                        </span>
                      </div>
                    </div>
                  </div>
                </div>
              </div>
            </div>
          </div>
        </div>
        <div
          class="MuiGrid-root MuiGrid-container MuiGrid-spacing-xs-2"
        >
          <div
            class="MuiGrid-root MuiGrid-item MuiGrid-grid-xs-4"
          >
            <div
              class="MuiGrid-root MuiGrid-container MuiGrid-spacing-xs-1"
            >
              <div
                class="MuiGrid-root MuiGrid-item MuiGrid-grid-xs-12"
                style="display: flex;"
              >
                <div
                  class="MuiGrid-root MuiGrid-container MuiGrid-spacing-xs-1"
                >
                  <div
                    class="MuiGrid-root MuiGrid-item MuiGrid-grid-xs-12"
                  >
                    <span
                      class="makeStyles-labelWrap-5"
                    >
                      <span
                        class="MuiTypography-root makeStyles-label-6 MuiTypography-body1"
                      >
                        Component name
                      </span>
                      <span />
                    </span>
                  </div>
                  <div
                    class="MuiGrid-root MuiGrid-item MuiGrid-grid-xs-12"
                    style="display: flex; align-items: flex-end;"
                  >
                    <div
                      class="MuiFormControl-root MuiFormControl-fullWidth"
                    >
                      <div
                        class="MuiFormControl-root MuiTextField-root"
                      >
                        <div
                          class="MuiInputBase-root MuiInput-root MuiInput-underline MuiInputBase-formControl MuiInput-formControl"
                        >
                          <input
                            aria-invalid="false"
                            class="MuiInputBase-input MuiInput-input"
                            name="name"
                            placeholder="Enter the Component name"
                            type="text"
                            value=""
                          />
                        </div>
                      </div>
                    </div>
                  </div>
                </div>
              </div>
            </div>
          </div>
          <div
            class="MuiGrid-root MuiGrid-item MuiGrid-grid-xs-8"
          >
            <div
              class="MuiGrid-root MuiGrid-container MuiGrid-spacing-xs-1"
            >
              <div
                class="MuiGrid-root MuiGrid-item MuiGrid-grid-xs-12"
                style="display: flex;"
              >
                <div
                  class="MuiGrid-root MuiGrid-container MuiGrid-spacing-xs-1"
                >
                  <div
                    class="MuiGrid-root MuiGrid-item MuiGrid-grid-xs-12"
                  >
                    <span
                      class="makeStyles-labelWrap-5"
                    >
                      <span
                        class="MuiTypography-root makeStyles-label-6 MuiTypography-body1"
                      >
                        Description
                      </span>
                      <span />
                    </span>
                  </div>
                  <div
                    class="MuiGrid-root MuiGrid-item MuiGrid-grid-xs-12"
                    style="display: flex; align-items: flex-end;"
                  >
                    <div
                      class="MuiFormControl-root MuiFormControl-fullWidth"
                    >
                      <div
                        class="MuiFormControl-root MuiTextField-root"
                      >
                        <div
                          class="MuiInputBase-root MuiInput-root MuiInput-underline MuiInputBase-formControl MuiInput-formControl"
                        >
                          <input
                            aria-invalid="false"
                            class="MuiInputBase-input MuiInput-input"
                            name="description"
                            placeholder="Enter test-type description"
                            type="text"
                            value=""
                          />
                        </div>
                      </div>
                    </div>
                  </div>
                </div>
              </div>
            </div>
          </div>
          <div
            class="MuiGrid-root MuiGrid-item MuiGrid-grid-xs-12"
          >
            <div
              class="MuiGrid-root MuiGrid-container MuiGrid-spacing-xs-2 MuiGrid-align-items-xs-flex-start"
            >
              <div
                class="MuiGrid-root MuiGrid-item MuiGrid-grid-xs-4"
              >
                <div
                  class="MuiGrid-root MuiGrid-container MuiGrid-spacing-xs-1"
                >
                  <div
                    class="MuiGrid-root MuiGrid-item MuiGrid-grid-xs-12"
                    style="display: flex;"
                  >
                    <div
                      class="MuiGrid-root MuiGrid-container MuiGrid-spacing-xs-1"
                    >
                      <div
                        class="MuiGrid-root MuiGrid-item MuiGrid-grid-xs-12"
                      >
                        <span
                          class="makeStyles-labelWrap-5"
                        >
                          <span
                            class="MuiTypography-root makeStyles-label-6 MuiTypography-body1"
                          >
                            Git server
                          </span>
                          <span />
                        </span>
                      </div>
                      <div
                        class="MuiGrid-root MuiGrid-item MuiGrid-grid-xs-12"
                        style="display: flex; align-items: flex-end;"
                      >
                        <div
                          class="MuiFormControl-root MuiFormControl-fullWidth"
                        >
                          <div
                            class="MuiInputBase-root MuiInput-root MuiInput-underline MuiInputBase-fullWidth MuiInput-fullWidth MuiInputBase-formControl MuiInput-formControl"
                          >
                            <div
                              aria-haspopup="listbox"
                              aria-labelledby="mui-component-select-gitServer"
                              class="MuiSelect-root MuiSelect-select MuiSelect-selectMenu MuiInputBase-input MuiInput-input"
                              id="mui-component-select-gitServer"
                              role="button"
                              tabindex="0"
                            >
                              <span>
                                ​
                              </span>
                            </div>
                            <input
                              aria-hidden="true"
                              class="MuiSelect-nativeInput"
                              name="gitServer"
                              tabindex="-1"
                              value="gerrit"
                            />
                            <svg
                              aria-hidden="true"
                              class="MuiSvgIcon-root MuiSelect-icon"
                              focusable="false"
                              viewBox="0 0 24 24"
                            >
                              <path
                                d="M7 10l5 5 5-5z"
                              />
                            </svg>
                          </div>
                        </div>
                      </div>
                    </div>
                  </div>
                </div>
              </div>
              <div
                class="MuiGrid-root MuiGrid-item MuiGrid-grid-xs-8"
              >
                <div
                  class="MuiGrid-root MuiGrid-container MuiGrid-spacing-xs-1"
                >
                  <div
                    class="MuiGrid-root MuiGrid-item MuiGrid-grid-xs-12"
                    style="display: flex;"
                  >
                    <div
                      class="MuiGrid-root MuiGrid-container MuiGrid-spacing-xs-1"
                    >
                      <div
                        class="MuiGrid-root MuiGrid-item MuiGrid-grid-xs-12"
                      >
                        <span
                          class="makeStyles-labelWrap-5"
                        >
                          <span
                            class="MuiTypography-root makeStyles-label-6 MuiTypography-body1"
                          >
                            Git repo relative path
                          </span>
                          <div
                            class="MuiBox-root MuiBox-root-8"
                            style="height: 1.25rem;"
                          />
                        </span>
                      </div>
                      <div
                        class="MuiGrid-root MuiGrid-item MuiGrid-grid-xs-12"
                        style="display: flex; align-items: flex-end;"
                      >
                        <div
                          class="MuiFormControl-root MuiFormControl-fullWidth"
                        >
                          <div
                            class="MuiFormControl-root MuiTextField-root"
                          >
                            <div
                              class="MuiInputBase-root MuiInput-root MuiInput-underline MuiInputBase-formControl MuiInput-formControl MuiInputBase-adornedStart"
                            >
                              <div
                                class="MuiInputAdornment-root MuiInputAdornment-positionStart"
                              >
                                <p
                                  class="MuiTypography-root MuiTypography-body1 MuiTypography-colorTextSecondary"
                                >
                                  /
                                </p>
                              </div>
                              <input
                                aria-invalid="false"
                                class="MuiInputBase-input MuiInput-input MuiInputBase-inputAdornedStart"
                                name="gitUrlPath"
                                placeholder="Indicate the repository relative path in the following format project/repository"
                                type="text"
                                value=""
                              />
                            </div>
                          </div>
                        </div>
                      </div>
                    </div>
                  </div>
                </div>
              </div>
            </div>
          </div>
          <div
            class="MuiGrid-root MuiGrid-item MuiGrid-grid-xs-12"
          >
            <div
              class="MuiGrid-root MuiGrid-container MuiGrid-spacing-xs-2"
            >
              <div
                class="MuiGrid-root MuiGrid-item MuiGrid-grid-xs-4"
              >
                <div
                  class="MuiGrid-root MuiGrid-container MuiGrid-spacing-xs-1"
                >
                  <div
                    class="MuiGrid-root MuiGrid-item MuiGrid-grid-xs-12"
                    style="display: flex;"
                  >
                    <div
                      class="MuiGrid-root MuiGrid-container MuiGrid-spacing-xs-1"
                    >
                      <div
                        class="MuiGrid-root MuiGrid-item MuiGrid-grid-xs-12"
                      >
                        <span
                          class="makeStyles-labelWrap-5"
                        >
                          <span
                            class="MuiTypography-root makeStyles-label-6 MuiTypography-body1"
                          >
                            Codebase versioning type
                          </span>
                          <span />
                        </span>
                      </div>
                      <div
                        class="MuiGrid-root MuiGrid-item MuiGrid-grid-xs-12"
                        style="display: flex; align-items: flex-end;"
                      >
                        <div
                          class="MuiFormControl-root MuiFormControl-fullWidth"
                        >
                          <div
                            class="MuiInputBase-root MuiInput-root MuiInput-underline MuiInputBase-fullWidth MuiInput-fullWidth MuiInputBase-formControl MuiInput-formControl"
                          >
                            <div
                              aria-haspopup="listbox"
                              aria-labelledby="mui-component-select-versioningType"
                              class="MuiSelect-root MuiSelect-select MuiSelect-selectMenu MuiInputBase-input MuiInput-input"
                              id="mui-component-select-versioningType"
                              role="button"
                              tabindex="0"
                            >
                              edp
                            </div>
                            <input
                              aria-hidden="true"
                              class="MuiSelect-nativeInput"
                              name="versioningType"
                              tabindex="-1"
                              value="edp"
                            />
                            <svg
                              aria-hidden="true"
                              class="MuiSvgIcon-root MuiSelect-icon"
                              focusable="false"
                              viewBox="0 0 24 24"
                            >
                              <path
                                d="M7 10l5 5 5-5z"
                              />
                            </svg>
                          </div>
                        </div>
                      </div>
                    </div>
                  </div>
                </div>
              </div>
              <div
                class="MuiGrid-root MuiGrid-item MuiGrid-grid-xs-4"
              >
                <div
                  class="MuiGrid-root MuiGrid-container MuiGrid-spacing-xs-1"
                >
                  <div
                    class="MuiGrid-root MuiGrid-item MuiGrid-grid-xs-12"
                    style="display: flex;"
                  >
                    <div
                      class="MuiGrid-root MuiGrid-container MuiGrid-spacing-xs-1"
                    >
                      <div
                        class="MuiGrid-root MuiGrid-item MuiGrid-grid-xs-12"
                      >
                        <span
                          class="makeStyles-labelWrap-5"
                        >
                          <span
                            class="MuiTypography-root makeStyles-label-6 MuiTypography-body1"
                          >
                            Start version from
                          </span>
                          <span />
                        </span>
                      </div>
                      <div
                        class="MuiGrid-root MuiGrid-item MuiGrid-grid-xs-12"
                        style="display: flex; align-items: flex-end;"
                      >
                        <div
                          class="MuiFormControl-root MuiFormControl-fullWidth"
                        >
                          <div
                            class="MuiFormControl-root MuiTextField-root"
                          >
                            <div
                              class="MuiInputBase-root MuiInput-root MuiInput-underline MuiInputBase-formControl MuiInput-formControl"
                            >
                              <input
                                aria-invalid="false"
                                class="MuiInputBase-input MuiInput-input"
                                name="versioningStartFromVersion"
                                placeholder="0.0.0"
                                type="text"
                                value="0.1.0"
                              />
                            </div>
                          </div>
                        </div>
                      </div>
                    </div>
                  </div>
                </div>
              </div>
              <div
                class="MuiGrid-root MuiGrid-item MuiGrid-grid-xs-4"
                style="display: flex; justify-content: flex-end; flex-direction: column;"
              >
                <div
                  class="MuiGrid-root MuiGrid-container MuiGrid-spacing-xs-1"
                >
                  <div
                    class="MuiGrid-root MuiGrid-item MuiGrid-grid-xs-12"
                    style="display: flex;"
                  >
                    <div
                      class="MuiGrid-root MuiGrid-container MuiGrid-spacing-xs-1"
                    >
                      <div
                        class="MuiGrid-root MuiGrid-item MuiGrid-grid-xs-12"
                        style="display: flex; align-items: flex-end;"
                      >
                        <div
                          class="MuiFormControl-root MuiFormControl-fullWidth"
                        >
                          <div
                            class="MuiFormControl-root MuiTextField-root"
                          >
                            <div
                              class="MuiInputBase-root MuiInput-root MuiInput-underline MuiInputBase-formControl MuiInput-formControl"
                            >
                              <input
                                aria-invalid="false"
                                class="MuiInputBase-input MuiInput-input"
                                name="versioningStartFromPostfix"
                                placeholder="SNAPSHOT"
                                type="text"
                                value="SNAPSHOT"
                              />
                            </div>
                          </div>
                        </div>
                      </div>
                    </div>
                  </div>
                </div>
              </div>
            </div>
          </div>
        </div>
      </div>
      <div
        class="MuiDialogActions-root MuiDialogActions-spacing"
      >
        <button
          class="MuiButtonBase-root MuiButton-root MuiButton-text MuiButton-textSizeSmall MuiButton-sizeSmall Mui-disabled Mui-disabled"
          disabled=""
          tabindex="-1"
          type="button"
        >
          <span
            class="MuiButton-label"
          >
            undo changes
          </span>
        </button>
        <button
          class="MuiButtonBase-root MuiButton-root MuiButton-text MuiButton-textSizeSmall MuiButton-sizeSmall"
          style="margin-left: auto;"
          tabindex="0"
          type="button"
        >
          <span
            class="MuiButton-label"
          >
            cancel
          </span>
          <span
            class="MuiTouchRipple-root"
          />
        </button>
        <button
          class="MuiButtonBase-root MuiButton-root MuiButton-contained MuiButton-containedPrimary MuiButton-containedSizeSmall MuiButton-sizeSmall Mui-disabled Mui-disabled"
          disabled=""
          tabindex="-1"
          type="submit"
        >
          <span
            class="MuiButton-label"
          >
            apply
          </span>
        </button>
      </div>
    </div>
  </div>
  <div
    data-test="sentinelEnd"
    tabindex="0"
  />
</div>
`;
