// Jest Snapshot v1, https://goo.gl/fbAQLP

exports[`renders ManageGitOps Create component 1`] = `
<div
  class="MuiGrid-root MuiGrid-container MuiGrid-spacing-xs-2"
  data-testid="form"
>
  <div
    class="MuiGrid-root MuiGrid-item MuiGrid-grid-xs-12"
  >
    <div
      class="MuiGrid-root MuiGrid-container MuiGrid-spacing-xs-2"
    >
      <div
        class="MuiGrid-root MuiGrid-item MuiGrid-grid-xs-4"
      >
        <div
          class="MuiGrid-root MuiGrid-container MuiGrid-spacing-xs-1"
        >
          <div
            class="MuiGrid-root MuiGrid-item MuiGrid-grid-xs-12"
            style="display: flex;"
          >
            <div
              class="MuiGrid-root MuiGrid-container MuiGrid-spacing-xs-1"
            >
              <div
                class="MuiGrid-root MuiGrid-item MuiGrid-grid-xs-12"
              >
                <span
                  class="makeStyles-labelWrap-2"
                >
                  <span
                    class="MuiTypography-root makeStyles-label-3 MuiTypography-body1"
                  >
                    Git server
                  </span>
                  <span />
                </span>
              </div>
              <div
                class="MuiGrid-root MuiGrid-item MuiGrid-grid-xs-12"
                style="display: flex; align-items: flex-end;"
              >
                <div
                  class="MuiFormControl-root MuiFormControl-fullWidth"
                >
                  <div
                    class="MuiInputBase-root MuiInput-root MuiInput-underline makeStyles-selectWithDefaultValue-1 MuiInputBase-fullWidth MuiInput-fullWidth MuiInputBase-formControl MuiInput-formControl"
                  >
                    <div
                      aria-haspopup="listbox"
                      aria-labelledby="mui-component-select-gitServer"
                      class="MuiSelect-root MuiSelect-select MuiSelect-selectMenu MuiInputBase-input MuiInput-input"
                      id="mui-component-select-gitServer"
                      role="button"
                      tabindex="0"
                    >
                      <span>
                        â€‹
                      </span>
                    </div>
                    <input
                      aria-hidden="true"
                      class="MuiSelect-nativeInput"
                      name="gitServer"
                      tabindex="-1"
                      value=""
                    />
                    <svg
                      aria-hidden="true"
                      class="MuiSvgIcon-root MuiSelect-icon"
                      focusable="false"
                      viewBox="0 0 24 24"
                    >
                      <path
                        d="M7 10l5 5 5-5z"
                      />
                    </svg>
                  </div>
                </div>
              </div>
            </div>
          </div>
        </div>
      </div>
      <div
        class="MuiGrid-root MuiGrid-item MuiGrid-grid-xs-5"
      >
        <div
          class="MuiGrid-root MuiGrid-container MuiGrid-spacing-xs-1"
        >
          <div
            class="MuiGrid-root MuiGrid-item MuiGrid-grid-xs-12"
            style="display: flex;"
          >
            <div
              class="MuiGrid-root MuiGrid-container MuiGrid-spacing-xs-1"
            >
              <div
                class="MuiGrid-root MuiGrid-item MuiGrid-grid-xs-12"
              >
                <span
                  class="makeStyles-labelWrap-2"
                >
                  <span
                    class="MuiTypography-root makeStyles-label-3 MuiTypography-body1"
                  >
                    Git repo relative path
                  </span>
                  <div
                    class="MuiBox-root MuiBox-root-4"
                    style="height: 1.25rem;"
                  />
                </span>
              </div>
              <div
                class="MuiGrid-root MuiGrid-item MuiGrid-grid-xs-12"
                style="display: flex; align-items: flex-end;"
              >
                <div
                  class="MuiFormControl-root MuiFormControl-fullWidth"
                >
                  <div
                    class="MuiFormControl-root MuiTextField-root"
                  >
                    <div
                      class="MuiInputBase-root MuiInput-root MuiInput-underline MuiInputBase-formControl MuiInput-formControl MuiInputBase-adornedStart"
                    >
                      <div
                        class="MuiInputAdornment-root MuiInputAdornment-positionStart"
                      >
                        <p
                          class="MuiTypography-root MuiTypography-body1 MuiTypography-colorTextSecondary"
                        >
                          /
                        </p>
                      </div>
                      <input
                        aria-invalid="false"
                        class="MuiInputBase-input MuiInput-input MuiInputBase-inputAdornedStart"
                        name="gitRepoPath"
                        placeholder="Indicate the repository relative path in the following format project/repository"
                        type="text"
                        value=""
                      />
                    </div>
                  </div>
                </div>
              </div>
            </div>
          </div>
        </div>
      </div>
      <div
        class="MuiGrid-root MuiGrid-item MuiGrid-grid-xs-3"
      >
        <div
          class="MuiGrid-root MuiGrid-container MuiGrid-spacing-xs-1"
        >
          <div
            class="MuiGrid-root MuiGrid-item MuiGrid-grid-xs-12"
            style="display: flex;"
          >
            <div
              class="MuiGrid-root MuiGrid-container MuiGrid-spacing-xs-1"
            >
              <div
                class="MuiGrid-root MuiGrid-item MuiGrid-grid-xs-12"
              >
                <span
                  class="makeStyles-labelWrap-2"
                >
                  <span
                    class="MuiTypography-root makeStyles-label-3 MuiTypography-body1"
                  >
                    Repository Name
                  </span>
                  <div
                    class="MuiBox-root MuiBox-root-5"
                    style="height: 1.25rem;"
                  />
                </span>
              </div>
              <div
                class="MuiGrid-root MuiGrid-item MuiGrid-grid-xs-12"
                style="display: flex; align-items: flex-end;"
              >
                <div
                  class="MuiFormControl-root MuiFormControl-fullWidth"
                >
                  <div
                    class="MuiFormControl-root MuiTextField-root"
                  >
                    <div
                      class="MuiInputBase-root MuiInput-root MuiInput-underline Mui-disabled Mui-disabled MuiInputBase-formControl MuiInput-formControl MuiInputBase-adornedStart"
                    >
                      <div
                        class="MuiInputAdornment-root MuiInputAdornment-positionStart"
                      >
                        <p
                          class="MuiTypography-root MuiTypography-body1 MuiTypography-colorTextSecondary"
                        >
                          /
                        </p>
                      </div>
                      <input
                        aria-invalid="false"
                        class="MuiInputBase-input MuiInput-input Mui-disabled Mui-disabled MuiInputBase-inputAdornedStart"
                        disabled=""
                        name="name"
                        type="text"
                        value="edp-gitops"
                      />
                    </div>
                  </div>
                </div>
              </div>
            </div>
          </div>
        </div>
      </div>
    </div>
  </div>
  <div
    class="MuiGrid-root MuiGrid-item MuiGrid-grid-xs-12"
  >
    <div
      class="MuiGrid-root MuiGrid-container MuiGrid-spacing-xs-2 MuiGrid-justify-content-xs-space-between"
    >
      <div
        class="MuiGrid-root MuiGrid-item"
      >
        <button
          class="MuiButtonBase-root MuiButton-root MuiButton-text MuiButton-textSizeSmall MuiButton-sizeSmall"
          tabindex="0"
          type="button"
        >
          <span
            class="MuiButton-label"
          >
            cancel
          </span>
          <span
            class="MuiTouchRipple-root"
          />
        </button>
      </div>
      <div
        class="MuiGrid-root MuiGrid-item"
      >
        <div
          class="MuiGrid-root MuiGrid-container MuiGrid-spacing-xs-2 MuiGrid-align-items-xs-center"
        >
          <div
            class="MuiGrid-root MuiGrid-item"
          >
            <button
              class="MuiButtonBase-root MuiButton-root MuiButton-text MuiButton-textSizeSmall MuiButton-sizeSmall Mui-disabled Mui-disabled"
              disabled=""
              tabindex="-1"
              type="button"
            >
              <span
                class="MuiButton-label"
              >
                undo changes
              </span>
            </button>
          </div>
          <div
            class="MuiGrid-root MuiGrid-item"
          >
            <button
              class="MuiButtonBase-root MuiButton-root MuiButton-contained MuiButton-containedPrimary MuiButton-containedSizeSmall MuiButton-sizeSmall"
              tabindex="0"
              type="button"
            >
              <span
                class="MuiButton-label"
              >
                save
              </span>
              <span
                class="MuiTouchRipple-root"
              />
            </button>
          </div>
        </div>
      </div>
    </div>
  </div>
</div>
`;
