// Jest Snapshot v1, https://goo.gl/fbAQLP

exports[`renders ManageGitOps Edit component 1`] = `
<div
  class="MuiGrid-root MuiGrid-container MuiGrid-spacing-xs-2"
  data-testid="form"
>
  <div
    class="MuiGrid-root MuiGrid-item MuiGrid-grid-xs-12"
  >
    <div
      class="MuiGrid-root MuiGrid-container MuiGrid-spacing-xs-2"
    >
      <div
        class="MuiGrid-root MuiGrid-item MuiGrid-grid-xs-4"
      >
        <div
          class="MuiGrid-root MuiGrid-container MuiGrid-spacing-xs-1"
        >
          <div
            class="MuiGrid-root MuiGrid-item MuiGrid-grid-xs-12"
            style="display: flex;"
          >
            <div
              class="MuiGrid-root MuiGrid-container MuiGrid-spacing-xs-1"
            >
              <div
                class="MuiGrid-root MuiGrid-item MuiGrid-grid-xs-12"
              >
                <span
                  class="makeStyles-labelWrap-2"
                >
                  <span
                    class="MuiTypography-root makeStyles-label-3 MuiTypography-body1"
                  >
                    Git server
                  </span>
                  <span />
                </span>
              </div>
              <div
                class="MuiGrid-root MuiGrid-item MuiGrid-grid-xs-12"
                style="display: flex; align-items: flex-end;"
              >
                <div
                  class="MuiFormControl-root MuiFormControl-fullWidth"
                >
                  <div
                    class="MuiInputBase-root MuiInput-root MuiInput-underline Mui-disabled Mui-disabled MuiInputBase-fullWidth MuiInput-fullWidth MuiInputBase-formControl MuiInput-formControl"
                  >
                    <div
                      aria-disabled="true"
                      aria-haspopup="listbox"
                      aria-labelledby="mui-component-select-gitServer"
                      class="MuiSelect-root MuiSelect-select MuiSelect-selectMenu MuiInputBase-input MuiInput-input Mui-disabled Mui-disabled Mui-disabled"
                      id="mui-component-select-gitServer"
                      role="button"
                    >
                      <span>
                        â€‹
                      </span>
                    </div>
                    <input
                      aria-hidden="true"
                      class="MuiSelect-nativeInput"
                      name="gitServer"
                      tabindex="-1"
                      value="gerrit"
                    />
                    <svg
                      aria-hidden="true"
                      class="MuiSvgIcon-root MuiSelect-icon Mui-disabled"
                      focusable="false"
                      viewBox="0 0 24 24"
                    >
                      <path
                        d="M7 10l5 5 5-5z"
                      />
                    </svg>
                  </div>
                </div>
              </div>
            </div>
          </div>
        </div>
      </div>
      <div
        class="MuiGrid-root MuiGrid-item MuiGrid-grid-xs-3"
      >
        <div
          class="MuiGrid-root MuiGrid-container MuiGrid-spacing-xs-1"
        >
          <div
            class="MuiGrid-root MuiGrid-item MuiGrid-grid-xs-12"
            style="display: flex;"
          >
            <div
              class="MuiGrid-root MuiGrid-container MuiGrid-spacing-xs-1"
            >
              <div
                class="MuiGrid-root MuiGrid-item MuiGrid-grid-xs-12"
              >
                <span
                  class="makeStyles-labelWrap-2"
                >
                  <span
                    class="MuiTypography-root makeStyles-label-3 MuiTypography-body1"
                  >
                    Repository Name
                  </span>
                  <span />
                </span>
              </div>
              <div
                class="MuiGrid-root MuiGrid-item MuiGrid-grid-xs-12"
                style="display: flex; align-items: flex-end;"
              >
                <div
                  class="MuiFormControl-root MuiFormControl-fullWidth"
                >
                  <div
                    class="MuiFormControl-root MuiTextField-root"
                  >
                    <div
                      class="MuiInputBase-root MuiInput-root MuiInput-underline Mui-disabled Mui-disabled MuiInputBase-formControl MuiInput-formControl MuiInputBase-adornedStart"
                    >
                      <div
                        class="MuiInputAdornment-root MuiInputAdornment-positionStart"
                      >
                        <p
                          class="MuiTypography-root MuiTypography-body1 MuiTypography-colorTextSecondary"
                        >
                          /
                        </p>
                      </div>
                      <input
                        aria-invalid="false"
                        class="MuiInputBase-input MuiInput-input Mui-disabled Mui-disabled MuiInputBase-inputAdornedStart"
                        disabled=""
                        name="name"
                        type="text"
                        value="edp-gitops"
                      />
                    </div>
                  </div>
                </div>
              </div>
            </div>
          </div>
        </div>
      </div>
    </div>
  </div>
  <div
    class="MuiGrid-root MuiGrid-item MuiGrid-grid-xs-12"
  >
    <div
      class="MuiGrid-root MuiGrid-container MuiGrid-spacing-xs-2 MuiGrid-justify-content-xs-space-between"
    >
      <div
        class="MuiGrid-root MuiGrid-item"
      />
      <div
        class="MuiGrid-root MuiGrid-item"
      >
        <div
          class="MuiGrid-root MuiGrid-container MuiGrid-spacing-xs-2 MuiGrid-align-items-xs-center"
        >
          <div
            class="MuiGrid-root MuiGrid-item"
          >
            <button
              class="MuiButtonBase-root MuiButton-root MuiButton-text MuiButton-textSizeSmall MuiButton-sizeSmall Mui-disabled Mui-disabled"
              disabled=""
              tabindex="-1"
              type="button"
            >
              <span
                class="MuiButton-label"
              >
                undo changes
              </span>
            </button>
          </div>
          <div
            class="MuiGrid-root MuiGrid-item"
          >
            <button
              class="MuiButtonBase-root MuiButton-root MuiButton-contained MuiButton-containedPrimary MuiButton-containedSizeSmall MuiButton-sizeSmall Mui-disabled Mui-disabled"
              disabled=""
              tabindex="-1"
              type="button"
            >
              <span
                class="MuiButton-label"
              >
                save
              </span>
            </button>
          </div>
        </div>
      </div>
    </div>
  </div>
</div>
`;
