// Jest Snapshot v1, https://goo.gl/fbAQLP

exports[`CreateGitServer should render correctly 1`] = `
<div
  class="makeStyles-dialog-2"
  data-testid="create-git-server"
>
  <div
    class="makeStyles-dialogTitle-3"
  >
    <h5
      class="MuiTypography-root MuiTypography-h5"
    >
      Create git server
    </h5>
    <button
      class="MuiButtonBase-root MuiButton-root MuiButton-text MuiButton-textSizeSmall MuiButton-sizeSmall"
      tabindex="0"
      type="button"
    >
      <span
        class="MuiButton-label"
      >
        <span
          class="MuiButton-startIcon MuiButton-iconSizeSmall"
        >
          <span />
        </span>
        Edit YAML
      </span>
      <span
        class="MuiTouchRipple-root"
      />
    </button>
  </div>
  <div
    class="MuiDialogContent-root makeStyles-dialogContent-4"
  >
    <div
      class="makeStyles-form-5"
    >
      <form>
        <div
          class="makeStyles-formInner-6"
        >
          <div
            class="MuiGrid-root MuiGrid-container MuiGrid-spacing-xs-2"
          >
            <div
              class="MuiGrid-root MuiGrid-item MuiGrid-grid-xs-6"
            >
              <div
                class="MuiGrid-root MuiGrid-item MuiGrid-grid-xs-12"
              >
                <div
                  class="MuiGrid-root MuiGrid-container MuiGrid-spacing-xs-1"
                >
                  <div
                    class="MuiGrid-root MuiGrid-item MuiGrid-grid-xs-12"
                  >
                    <div
                      class="MuiGrid-root MuiGrid-container MuiGrid-spacing-xs-1"
                    >
                      <div
                        class="MuiGrid-root MuiGrid-item MuiGrid-grid-xs-12"
                      >
                        <span
                          class="makeStyles-labelWrap-9"
                        >
                          <span
                            class="MuiTypography-root makeStyles-label-10 MuiTypography-body1"
                          >
                            Namespace
                          </span>
                          <span />
                        </span>
                      </div>
                      <div
                        class="MuiGrid-root MuiGrid-item MuiGrid-grid-xs-12"
                      >
                        <div
                          class="MuiFormControl-root MuiFormControl-fullWidth"
                        >
                          <div
                            class="MuiInputBase-root MuiInput-root MuiInput-underline makeStyles-selectWithDefaultValue-8 MuiInputBase-formControl MuiInput-formControl"
                          >
                            <div
                              aria-haspopup="listbox"
                              aria-labelledby="mui-component-select-namespace"
                              class="MuiSelect-root MuiSelect-select MuiSelect-selectMenu MuiInputBase-input MuiInput-input"
                              id="mui-component-select-namespace"
                              role="button"
                              tabindex="0"
                            >
                              Namespace
                            </div>
                            <input
                              aria-hidden="true"
                              class="MuiSelect-nativeInput"
                              name="namespace"
                              tabindex="-1"
                              value=""
                            />
                            <svg
                              aria-hidden="true"
                              class="MuiSvgIcon-root MuiSelect-icon"
                              focusable="false"
                              viewBox="0 0 24 24"
                            >
                              <path
                                d="M7 10l5 5 5-5z"
                              />
                            </svg>
                          </div>
                        </div>
                      </div>
                    </div>
                  </div>
                </div>
              </div>
            </div>
            <div
              class="MuiGrid-root MuiGrid-item MuiGrid-grid-xs-12"
            >
              <div
                class="MuiGrid-root MuiGrid-container MuiGrid-spacing-xs-1"
              >
                <div
                  class="MuiGrid-root MuiGrid-item MuiGrid-grid-xs-6"
                >
                  <div
                    class="MuiGrid-root MuiGrid-container MuiGrid-spacing-xs-1"
                  >
                    <div
                      class="MuiGrid-root MuiGrid-item MuiGrid-grid-xs-12"
                    >
                      <div
                        class="MuiGrid-root MuiGrid-container MuiGrid-spacing-xs-1"
                      >
                        <div
                          class="MuiGrid-root MuiGrid-item MuiGrid-grid-xs-12"
                        >
                          <span
                            class="makeStyles-labelWrap-9"
                          >
                            <span
                              class="MuiTypography-root makeStyles-label-10 MuiTypography-body1"
                            >
                              Host
                            </span>
                          </span>
                        </div>
                        <div
                          class="MuiGrid-root MuiGrid-item MuiGrid-grid-xs-12"
                        >
                          <div
                            class="MuiFormControl-root MuiFormControl-fullWidth"
                          >
                            <div
                              class="MuiFormControl-root MuiTextField-root"
                            >
                              <div
                                class="MuiInputBase-root MuiInput-root MuiInput-underline MuiInputBase-formControl MuiInput-formControl"
                              >
                                <input
                                  aria-invalid="false"
                                  class="MuiInputBase-input MuiInput-input"
                                  name="gitHost"
                                  placeholder="Your host name"
                                  type="text"
                                  value=""
                                />
                              </div>
                            </div>
                          </div>
                        </div>
                      </div>
                    </div>
                  </div>
                </div>
                <div
                  class="MuiGrid-root MuiGrid-item MuiGrid-grid-xs-6"
                >
                  <div
                    class="MuiGrid-root MuiGrid-container MuiGrid-spacing-xs-1"
                  >
                    <div
                      class="MuiGrid-root MuiGrid-item MuiGrid-grid-xs-12"
                    >
                      <div
                        class="MuiGrid-root MuiGrid-container MuiGrid-spacing-xs-1"
                      >
                        <div
                          class="MuiGrid-root MuiGrid-item MuiGrid-grid-xs-12"
                        >
                          <span
                            class="makeStyles-labelWrap-9"
                          >
                            <span
                              class="MuiTypography-root makeStyles-label-10 MuiTypography-body1"
                            >
                              User
                            </span>
                          </span>
                        </div>
                        <div
                          class="MuiGrid-root MuiGrid-item MuiGrid-grid-xs-12"
                        >
                          <div
                            class="MuiFormControl-root MuiFormControl-fullWidth"
                          >
                            <div
                              class="MuiFormControl-root MuiTextField-root"
                            >
                              <div
                                class="MuiInputBase-root MuiInput-root MuiInput-underline MuiInputBase-formControl MuiInput-formControl"
                              >
                                <input
                                  aria-invalid="false"
                                  class="MuiInputBase-input MuiInput-input"
                                  name="gitUser"
                                  placeholder="Your user name"
                                  type="text"
                                  value=""
                                />
                              </div>
                            </div>
                          </div>
                        </div>
                      </div>
                    </div>
                  </div>
                </div>
              </div>
            </div>
            <div
              class="MuiGrid-root MuiGrid-item MuiGrid-grid-xs-12"
            >
              <div
                class="MuiGrid-root MuiGrid-container MuiGrid-spacing-xs-1"
              >
                <div
                  class="MuiGrid-root MuiGrid-item MuiGrid-grid-xs-6"
                >
                  <div
                    class="MuiGrid-root MuiGrid-container MuiGrid-spacing-xs-1"
                  >
                    <div
                      class="MuiGrid-root MuiGrid-item MuiGrid-grid-xs-12"
                    >
                      <div
                        class="MuiGrid-root MuiGrid-container MuiGrid-spacing-xs-1"
                      >
                        <div
                          class="MuiGrid-root MuiGrid-item MuiGrid-grid-xs-12"
                        >
                          <span
                            class="makeStyles-labelWrap-9"
                          >
                            <span
                              class="MuiTypography-root makeStyles-label-10 MuiTypography-body1"
                            >
                              SSH port
                            </span>
                          </span>
                        </div>
                        <div
                          class="MuiGrid-root MuiGrid-item MuiGrid-grid-xs-12"
                        >
                          <div
                            class="MuiFormControl-root MuiFormControl-fullWidth"
                          >
                            <div
                              class="MuiFormControl-root MuiTextField-root"
                            >
                              <div
                                class="MuiInputBase-root MuiInput-root MuiInput-underline MuiInputBase-formControl MuiInput-formControl"
                              >
                                <input
                                  aria-invalid="false"
                                  class="MuiInputBase-input MuiInput-input"
                                  name="sshPort"
                                  placeholder="Your SSH port"
                                  type="number"
                                  value="22"
                                />
                              </div>
                            </div>
                          </div>
                        </div>
                      </div>
                    </div>
                  </div>
                </div>
                <div
                  class="MuiGrid-root MuiGrid-item MuiGrid-grid-xs-6"
                >
                  <div
                    class="MuiGrid-root MuiGrid-container MuiGrid-spacing-xs-1"
                  >
                    <div
                      class="MuiGrid-root MuiGrid-item MuiGrid-grid-xs-12"
                    >
                      <div
                        class="MuiGrid-root MuiGrid-container MuiGrid-spacing-xs-1"
                      >
                        <div
                          class="MuiGrid-root MuiGrid-item MuiGrid-grid-xs-12"
                        >
                          <span
                            class="makeStyles-labelWrap-9"
                          >
                            <span
                              class="MuiTypography-root makeStyles-label-10 MuiTypography-body1"
                            >
                              HTTPS port
                            </span>
                          </span>
                        </div>
                        <div
                          class="MuiGrid-root MuiGrid-item MuiGrid-grid-xs-12"
                        >
                          <div
                            class="MuiFormControl-root MuiFormControl-fullWidth"
                          >
                            <div
                              class="MuiFormControl-root MuiTextField-root"
                            >
                              <div
                                class="MuiInputBase-root MuiInput-root MuiInput-underline MuiInputBase-formControl MuiInput-formControl"
                              >
                                <input
                                  aria-invalid="false"
                                  class="MuiInputBase-input MuiInput-input"
                                  name="httpsPort"
                                  placeholder="Your HTTPS port"
                                  type="number"
                                  value="443"
                                />
                              </div>
                            </div>
                          </div>
                        </div>
                      </div>
                    </div>
                  </div>
                </div>
              </div>
            </div>
            <div
              class="MuiGrid-root MuiGrid-item MuiGrid-grid-xs-12"
            >
              <div
                class="MuiGrid-root MuiGrid-container MuiGrid-spacing-xs-1"
              >
                <div
                  class="MuiGrid-root MuiGrid-item MuiGrid-grid-xs-6"
                >
                  <div
                    class="MuiGrid-root MuiGrid-container MuiGrid-spacing-xs-1"
                  >
                    <div
                      class="MuiGrid-root MuiGrid-item MuiGrid-grid-xs-12"
                    >
                      <div
                        class="MuiGrid-root MuiGrid-container MuiGrid-spacing-xs-1"
                      >
                        <div
                          class="MuiGrid-root MuiGrid-item MuiGrid-grid-xs-12"
                        >
                          <span
                            class="makeStyles-labelWrap-9"
                          >
                            <span
                              class="MuiTypography-root makeStyles-label-10 MuiTypography-body1"
                            >
                              Private SSH key
                            </span>
                          </span>
                        </div>
                        <div
                          class="MuiGrid-root MuiGrid-item MuiGrid-grid-xs-12"
                        >
                          <div
                            class="MuiFormControl-root MuiFormControl-fullWidth"
                          >
                            <div
                              class="MuiFormControl-root MuiTextField-root"
                            >
                              <div
                                class="MuiInputBase-root MuiInput-root MuiInput-underline MuiInputBase-formControl MuiInput-formControl MuiInputBase-multiline MuiInput-multiline"
                              >
                                <textarea
                                  aria-invalid="false"
                                  class="MuiInputBase-input MuiInput-input MuiInputBase-inputMultiline MuiInput-inputMultiline"
                                  name="sshPrivateKey"
                                  placeholder="Your private SSH key"
                                  rows="4"
                                  style="height: 0px; overflow: hidden;"
                                />
                                <textarea
                                  aria-hidden="true"
                                  class="MuiInputBase-input MuiInput-input MuiInputBase-inputMultiline MuiInput-inputMultiline"
                                  readonly=""
                                  style="visibility: hidden; position: absolute; overflow: hidden; height: 0px; top: 0px; left: 0px; transform: translateZ(0); width: 100%;"
                                  tabindex="-1"
                                />
                              </div>
                            </div>
                          </div>
                        </div>
                      </div>
                    </div>
                  </div>
                </div>
                <div
                  class="MuiGrid-root MuiGrid-item MuiGrid-grid-xs-6"
                >
                  <div
                    class="MuiGrid-root MuiGrid-container MuiGrid-spacing-xs-1"
                  >
                    <div
                      class="MuiGrid-root MuiGrid-item MuiGrid-grid-xs-12"
                    >
                      <div
                        class="MuiGrid-root MuiGrid-container MuiGrid-spacing-xs-1"
                      >
                        <div
                          class="MuiGrid-root MuiGrid-item MuiGrid-grid-xs-12"
                        >
                          <span
                            class="makeStyles-labelWrap-9"
                          >
                            <span
                              class="MuiTypography-root makeStyles-label-10 MuiTypography-body1"
                            >
                              Public SSH key
                            </span>
                          </span>
                        </div>
                        <div
                          class="MuiGrid-root MuiGrid-item MuiGrid-grid-xs-12"
                        >
                          <div
                            class="MuiFormControl-root MuiFormControl-fullWidth"
                          >
                            <div
                              class="MuiFormControl-root MuiTextField-root"
                            >
                              <div
                                class="MuiInputBase-root MuiInput-root MuiInput-underline MuiInputBase-formControl MuiInput-formControl MuiInputBase-multiline MuiInput-multiline"
                              >
                                <textarea
                                  aria-invalid="false"
                                  class="MuiInputBase-input MuiInput-input MuiInputBase-inputMultiline MuiInput-inputMultiline"
                                  name="sshPublicKey"
                                  placeholder="Your public SSH key"
                                  rows="4"
                                  style="height: 0px; overflow: hidden;"
                                />
                                <textarea
                                  aria-hidden="true"
                                  class="MuiInputBase-input MuiInput-input MuiInputBase-inputMultiline MuiInput-inputMultiline"
                                  readonly=""
                                  style="visibility: hidden; position: absolute; overflow: hidden; height: 0px; top: 0px; left: 0px; transform: translateZ(0); width: 100%;"
                                  tabindex="-1"
                                />
                              </div>
                            </div>
                          </div>
                        </div>
                      </div>
                    </div>
                  </div>
                </div>
              </div>
            </div>
            <div
              class="MuiGrid-root MuiGrid-item MuiGrid-grid-xs-12"
            >
              <div
                class="MuiGrid-root MuiGrid-container MuiGrid-spacing-xs-1 MuiGrid-align-items-xs-flex-end"
              >
                <div
                  class="MuiGrid-root MuiGrid-item MuiGrid-grid-xs-6"
                >
                  <div
                    class="MuiGrid-root MuiGrid-container MuiGrid-spacing-xs-1"
                  >
                    <div
                      class="MuiGrid-root MuiGrid-item MuiGrid-grid-xs-12"
                    >
                      <div
                        class="MuiGrid-root MuiGrid-container MuiGrid-spacing-xs-1"
                      >
                        <div
                          class="MuiGrid-root MuiGrid-item MuiGrid-grid-xs-12"
                        >
                          <span
                            class="makeStyles-labelWrap-9"
                          >
                            <span
                              class="MuiTypography-root makeStyles-label-10 MuiTypography-body1"
                            >
                              Token
                            </span>
                          </span>
                        </div>
                        <div
                          class="MuiGrid-root MuiGrid-item MuiGrid-grid-xs-12"
                        >
                          <div
                            class="MuiFormControl-root MuiFormControl-fullWidth"
                          >
                            <div
                              class="MuiFormControl-root MuiTextField-root"
                            >
                              <div
                                class="MuiInputBase-root MuiInput-root MuiInput-underline MuiInputBase-formControl MuiInput-formControl MuiInputBase-multiline MuiInput-multiline"
                              >
                                <textarea
                                  aria-invalid="false"
                                  class="MuiInputBase-input MuiInput-input MuiInputBase-inputMultiline MuiInput-inputMultiline"
                                  name="token"
                                  placeholder="Your Token"
                                  rows="4"
                                  style="height: 0px; overflow: hidden;"
                                />
                                <textarea
                                  aria-hidden="true"
                                  class="MuiInputBase-input MuiInput-input MuiInputBase-inputMultiline MuiInput-inputMultiline"
                                  readonly=""
                                  style="visibility: hidden; position: absolute; overflow: hidden; height: 0px; top: 0px; left: 0px; transform: translateZ(0); width: 100%;"
                                  tabindex="-1"
                                />
                              </div>
                            </div>
                          </div>
                        </div>
                      </div>
                    </div>
                  </div>
                </div>
                <div
                  class="MuiGrid-root MuiGrid-item MuiGrid-grid-xs-6"
                >
                  <div
                    class="MuiGrid-root MuiGrid-container MuiGrid-spacing-xs-1"
                  >
                    <div
                      class="MuiGrid-root MuiGrid-item MuiGrid-grid-xs-12"
                    >
                      <div
                        class="MuiGrid-root MuiGrid-container MuiGrid-spacing-xs-1"
                      >
                        <div
                          class="MuiGrid-root MuiGrid-item MuiGrid-grid-xs-12"
                        >
                          <span
                            class="makeStyles-labelWrap-9"
                          >
                            <span
                              class="MuiTypography-root makeStyles-label-10 MuiTypography-body1"
                            >
                              Secret string
                            </span>
                            <span />
                          </span>
                        </div>
                        <div
                          class="MuiGrid-root MuiGrid-item MuiGrid-grid-xs-12"
                        >
                          <div
                            class="MuiFormControl-root MuiFormControl-fullWidth"
                          >
                            <div
                              class="MuiFormControl-root MuiTextField-root"
                            >
                              <div
                                class="MuiInputBase-root MuiInput-root MuiInput-underline MuiInputBase-formControl MuiInput-formControl MuiInputBase-multiline MuiInput-multiline"
                              >
                                <textarea
                                  aria-invalid="false"
                                  class="MuiInputBase-input MuiInput-input MuiInputBase-inputMultiline MuiInput-inputMultiline"
                                  name="secretString"
                                  placeholder="Your secret string"
                                  rows="4"
                                  style="height: 0px; overflow: hidden;"
                                />
                                <textarea
                                  aria-hidden="true"
                                  class="MuiInputBase-input MuiInput-input MuiInputBase-inputMultiline MuiInput-inputMultiline"
                                  readonly=""
                                  style="visibility: hidden; position: absolute; overflow: hidden; height: 0px; top: 0px; left: 0px; transform: translateZ(0); width: 100%;"
                                  tabindex="-1"
                                />
                              </div>
                            </div>
                          </div>
                        </div>
                      </div>
                    </div>
                  </div>
                </div>
              </div>
            </div>
          </div>
        </div>
        <div
          class="makeStyles-actions-7"
        >
          <button
            class="MuiButtonBase-root MuiButton-root MuiButton-text MuiButton-textSizeSmall MuiButton-sizeSmall Mui-disabled Mui-disabled"
            disabled=""
            tabindex="-1"
            type="button"
          >
            <span
              class="MuiButton-label"
            >
              undo changes
            </span>
          </button>
          <button
            class="MuiButtonBase-root MuiButton-root MuiButton-text MuiButton-textSizeSmall MuiButton-sizeSmall"
            style="margin-left: auto;"
            tabindex="0"
            type="button"
          >
            <span
              class="MuiButton-label"
            >
              cancel
            </span>
            <span
              class="MuiTouchRipple-root"
            />
          </button>
          <button
            class="MuiButtonBase-root MuiButton-root MuiButton-contained MuiButton-containedPrimary MuiButton-containedSizeSmall MuiButton-sizeSmall Mui-disabled Mui-disabled"
            disabled=""
            tabindex="-1"
            type="submit"
          >
            <span
              class="MuiButton-label"
            >
              apply
            </span>
          </button>
        </div>
      </form>
    </div>
  </div>
</div>
`;
