// Jest Snapshot v1, https://goo.gl/fbAQLP

exports[`renders CreateEditCDPipeline Create component 1`] = `
<div
  class="MuiDialog-root MuiModal-root css-zw3mfo-MuiModal-root-MuiDialog-root"
  data-testid="dialog"
  role="presentation"
>
  <div
    aria-hidden="true"
    class="MuiBackdrop-root MuiModal-backdrop css-yiavyu-MuiBackdrop-root-MuiDialog-backdrop"
    style="opacity: 1; webkit-transition: opacity 225ms cubic-bezier(0.4, 0, 0.2, 1) 0ms; transition: opacity 225ms cubic-bezier(0.4, 0, 0.2, 1) 0ms;"
  />
  <div
    data-testid="sentinelStart"
    tabindex="0"
  />
  <div
    class="MuiDialog-container MuiDialog-scrollPaper css-hz1bth-MuiDialog-container"
    role="presentation"
    style="opacity: 1; webkit-transition: opacity 225ms cubic-bezier(0.4, 0, 0.2, 1) 0ms; transition: opacity 225ms cubic-bezier(0.4, 0, 0.2, 1) 0ms;"
    tabindex="-1"
  >
    <div
      aria-labelledby="mui-1"
      class="MuiPaper-root MuiPaper-elevation MuiPaper-rounded MuiPaper-elevation24 MuiDialog-paper MuiDialog-paperScrollPaper MuiDialog-paperWidthMd MuiDialog-paperFullWidth css-1ntld2w-MuiPaper-root-MuiDialog-paper"
      role="dialog"
    >
      <h2
        class="MuiTypography-root MuiTypography-h6 MuiDialogTitle-root css-8yphvn-MuiTypography-root-MuiDialogTitle-root"
        id="mui-1"
      >
        <div
          class="MuiGrid-root MuiGrid-container MuiGrid-spacing-xs-1 css-1bz7zgk-MuiGrid-root"
        >
          <div
            class="MuiGrid-root MuiGrid-item css-13i4rnv-MuiGrid-root"
          >
            <div
              class="MuiGrid-root MuiGrid-container MuiGrid-spacing-xs-1 css-7ldjcq-MuiGrid-root"
            >
              <div
                class="MuiGrid-root MuiGrid-item css-13i4rnv-MuiGrid-root"
              >
                <h5
                  class="MuiTypography-root MuiTypography-h5 css-xqgeko-MuiTypography-root"
                >
                  Create CD Pipeline
                   
                  <a
                    class="MuiTypography-root MuiTypography-inherit MuiLink-root MuiLink-underlineAlways css-9d13eh-MuiTypography-root-MuiLink-root"
                    href="https://epam.github.io/edp-install/user-guide/add-cd-pipeline/#create-cd-pipeline-in-the-dialog"
                    target="_blank"
                  >
                    <span
                      class="MuiTypography-root MuiTypography-body2 css-ab4e19-MuiTypography-root"
                    >
                      Learn more.
                    </span>
                  </a>
                </h5>
              </div>
            </div>
          </div>
          <div
            class="MuiGrid-root MuiGrid-item css-13i4rnv-MuiGrid-root"
          >
            <button
              class="MuiButtonBase-root MuiButton-root MuiButton-text MuiButton-textPrimary MuiButton-sizeSmall MuiButton-textSizeSmall MuiButton-root MuiButton-text MuiButton-textPrimary MuiButton-sizeSmall MuiButton-textSizeSmall css-1llbb2a-MuiButtonBase-root-MuiButton-root"
              style="flex-shrink: 0;"
              tabindex="0"
              type="button"
            >
              <span
                class="MuiButton-startIcon MuiButton-iconSizeSmall css-y6rp3m-MuiButton-startIcon"
              >
                <span />
              </span>
              Edit YAML
              <span
                class="MuiTouchRipple-root css-8je8zh-MuiTouchRipple-root"
              />
            </button>
          </div>
        </div>
      </h2>
      <div
        class="MuiDialogContent-root makeStyles-dialogContent-1 css-ypiqx9-MuiDialogContent-root"
      >
        <div
          class="makeStyles-dialogContentTabs-2"
        >
          <div
            class="MuiTabs-root MuiTabs-vertical css-1g4ac1o-MuiTabs-root"
          >
            <div
              class="MuiTabs-scroller MuiTabs-fixed css-jpln7h-MuiTabs-scroller"
              style="overflow: hidden; margin-right: 0px;"
            >
              <div
                aria-label="simple tabs example"
                aria-orientation="vertical"
                class="MuiTabs-flexContainer MuiTabs-flexContainerVertical css-lfwcke-MuiTabs-flexContainer"
                role="tablist"
              >
                <button
                  aria-controls="simple-tabpanel-0"
                  aria-selected="true"
                  class="MuiButtonBase-root MuiTab-root MuiTab-textColorPrimary Mui-selected css-4f69fa-MuiButtonBase-root-MuiTab-root"
                  id="simple-tab-0"
                  role="tab"
                  tabindex="0"
                  type="button"
                >
                  Pipeline
                  <span
                    class="MuiTouchRipple-root css-8je8zh-MuiTouchRipple-root"
                  />
                </button>
                <button
                  aria-controls="simple-tabpanel-1"
                  aria-selected="false"
                  class="MuiButtonBase-root MuiTab-root MuiTab-textColorPrimary css-4f69fa-MuiButtonBase-root-MuiTab-root"
                  id="simple-tab-1"
                  role="tab"
                  tabindex="-1"
                  type="button"
                >
                  Applications
                  <span
                    class="MuiTouchRipple-root css-8je8zh-MuiTouchRipple-root"
                  />
                </button>
                <button
                  aria-controls="simple-tabpanel-2"
                  aria-selected="false"
                  class="MuiButtonBase-root MuiTab-root MuiTab-textColorPrimary css-4f69fa-MuiButtonBase-root-MuiTab-root"
                  id="simple-tab-2"
                  role="tab"
                  tabindex="-1"
                  type="button"
                >
                  Stages
                  <span
                    class="MuiTouchRipple-root css-8je8zh-MuiTouchRipple-root"
                  />
                </button>
              </div>
              <span
                class="MuiTabs-indicator css-4iq8oz-MuiTabs-indicator"
                style="top: 0px; height: 0px;"
              />
            </div>
          </div>
        </div>
        <div
          class="makeStyles-dialogContentForm-3"
        >
          <div
            aria-labelledby="simple-tab-0"
            class="makeStyles-tabPanel-4"
            id="simple-tabpanel-0"
            role="tabpanel"
          >
            <div
              class="MuiGrid-root MuiGrid-container MuiGrid-spacing-xs-2 css-mhc70k-MuiGrid-root"
            >
              <div
                class="MuiGrid-root MuiGrid-item MuiGrid-grid-xs-12 css-1idn90j-MuiGrid-root"
              >
                <div
                  class="MuiGrid-root MuiGrid-container MuiGrid-spacing-xs-1 css-a5rdam-MuiGrid-root"
                >
                  <div
                    class="MuiGrid-root MuiGrid-item MuiGrid-grid-xs-12 css-1idn90j-MuiGrid-root"
                    style="display: flex;"
                  >
                    <div
                      class="MuiGrid-root MuiGrid-container MuiGrid-spacing-xs-1 css-a5rdam-MuiGrid-root"
                    >
                      <div
                        class="MuiGrid-root MuiGrid-item MuiGrid-grid-xs-12 css-1idn90j-MuiGrid-root"
                      >
                        <span
                          class="makeStyles-labelWrap-10"
                        >
                          <span
                            class="MuiTypography-root MuiTypography-body1 makeStyles-label-11 css-1ezega9-MuiTypography-root"
                          >
                            Pipeline name
                          </span>
                          <span />
                        </span>
                      </div>
                      <div
                        class="MuiGrid-root MuiGrid-item MuiGrid-grid-xs-12 css-1idn90j-MuiGrid-root"
                        style="display: flex; align-items: flex-end;"
                      >
                        <div
                          class="MuiFormControl-root MuiFormControl-fullWidth css-q8hpuo-MuiFormControl-root"
                        >
                          <div
                            class="MuiFormControl-root MuiTextField-root css-1u3bzj6-MuiFormControl-root-MuiTextField-root"
                          >
                            <div
                              class="MuiInputBase-root MuiOutlinedInput-root MuiInputBase-colorPrimary MuiInputBase-formControl css-1k0n0u9-MuiInputBase-root-MuiOutlinedInput-root"
                            >
                              <input
                                aria-invalid="false"
                                class="MuiInputBase-input MuiOutlinedInput-input css-1t8l2tu-MuiInputBase-input-MuiOutlinedInput-input"
                                id="mui-3"
                                name="name"
                                placeholder="Enter pipeline name"
                                type="text"
                                value=""
                              />
                              <fieldset
                                aria-hidden="true"
                                class="MuiOutlinedInput-notchedOutline css-1d3z3hw-MuiOutlinedInput-notchedOutline"
                              >
                                <legend
                                  class="css-ihdtdm"
                                >
                                  <span
                                    class="notranslate"
                                  >
                                    â€‹
                                  </span>
                                </legend>
                              </fieldset>
                            </div>
                          </div>
                        </div>
                      </div>
                    </div>
                  </div>
                </div>
              </div>
            </div>
          </div>
          <div
            aria-labelledby="simple-tab-1"
            class="makeStyles-tabPanel-4"
            hidden=""
            id="simple-tabpanel-1"
            role="tabpanel"
          >
            <div
              class="MuiGrid-root MuiGrid-container MuiGrid-spacing-xs-3 css-zow5z4-MuiGrid-root"
            >
              <div
                class="MuiGrid-root MuiGrid-item MuiGrid-grid-xs-12 css-1idn90j-MuiGrid-root"
              >
                <div
                  class="MuiGrid-root MuiGrid-container MuiGrid-spacing-xs-2 css-mhc70k-MuiGrid-root"
                >
                  <div
                    class="MuiGrid-root MuiGrid-item MuiGrid-grid-xs-11 css-ykovpn-MuiGrid-root"
                  >
                    <div
                      class="MuiGrid-root MuiGrid-container MuiGrid-spacing-xs-1 css-a5rdam-MuiGrid-root"
                    >
                      <div
                        class="MuiGrid-root MuiGrid-item MuiGrid-grid-xs-12 css-1idn90j-MuiGrid-root"
                        style="display: flex;"
                      >
                        <div
                          class="MuiGrid-root MuiGrid-container MuiGrid-spacing-xs-1 css-a5rdam-MuiGrid-root"
                        >
                          <div
                            class="MuiGrid-root MuiGrid-item MuiGrid-grid-xs-12 css-1idn90j-MuiGrid-root"
                          >
                            <span
                              class="makeStyles-labelWrap-12"
                            >
                              <span
                                class="MuiTypography-root MuiTypography-body1 makeStyles-label-13 css-1ezega9-MuiTypography-root"
                              >
                                Applications
                              </span>
                              <span />
                            </span>
                          </div>
                          <div
                            class="MuiGrid-root MuiGrid-item MuiGrid-grid-xs-12 css-1idn90j-MuiGrid-root"
                            style="display: flex; align-items: flex-end;"
                          >
                            <div
                              class="MuiFormControl-root MuiFormControl-fullWidth css-q8hpuo-MuiFormControl-root"
                            >
                              <div
                                class="MuiInputBase-root MuiOutlinedInput-root MuiInputBase-colorPrimary MuiInputBase-fullWidth MuiInputBase-formControl makeStyles-selectWithDefaultValue-7 css-zc9d61-MuiInputBase-root-MuiOutlinedInput-root-MuiSelect-root"
                              >
                                <div
                                  aria-controls="mui-5"
                                  aria-expanded="false"
                                  aria-haspopup="listbox"
                                  aria-labelledby="mui-component-select-applicationsToAddChooser"
                                  class="MuiSelect-select MuiSelect-outlined MuiInputBase-input MuiOutlinedInput-input css-17praur-MuiSelect-select-MuiInputBase-input-MuiOutlinedInput-input"
                                  id="mui-component-select-applicationsToAddChooser"
                                  role="combobox"
                                  tabindex="0"
                                >
                                  Select applications
                                </div>
                                <input
                                  aria-hidden="true"
                                  aria-invalid="false"
                                  class="MuiSelect-nativeInput css-yf8vq0-MuiSelect-nativeInput"
                                  name="applicationsToAddChooser"
                                  tabindex="-1"
                                  value=""
                                />
                                <svg
                                  aria-hidden="true"
                                  class="MuiSvgIcon-root MuiSvgIcon-fontSizeMedium MuiSelect-icon MuiSelect-iconOutlined css-hfutr2-MuiSvgIcon-root-MuiSelect-icon"
                                  data-testid="ArrowDropDownIcon"
                                  focusable="false"
                                  viewBox="0 0 24 24"
                                >
                                  <path
                                    d="M7 10l5 5 5-5z"
                                  />
                                </svg>
                                <fieldset
                                  aria-hidden="true"
                                  class="MuiOutlinedInput-notchedOutline css-1d3z3hw-MuiOutlinedInput-notchedOutline"
                                >
                                  <legend
                                    class="css-ihdtdm"
                                  >
                                    <span
                                      class="notranslate"
                                    >
                                      â€‹
                                    </span>
                                  </legend>
                                </fieldset>
                              </div>
                            </div>
                          </div>
                        </div>
                      </div>
                    </div>
                  </div>
                  <div
                    class="MuiGrid-root MuiGrid-item MuiGrid-grid-xs-1 css-u78q51-MuiGrid-root"
                    style="display: flex; align-items: center; justify-content: flex-end; flex-direction: column;"
                  >
                    <button
                      class="MuiButtonBase-root MuiButton-root MuiButton-contained MuiButton-containedPrimary MuiButton-sizeSmall MuiButton-containedSizeSmall Mui-disabled MuiButton-root MuiButton-contained MuiButton-containedPrimary MuiButton-sizeSmall MuiButton-containedSizeSmall css-vw8gqz-MuiButtonBase-root-MuiButton-root"
                      disabled=""
                      style="min-width: 0;"
                      tabindex="-1"
                      type="button"
                    >
                      add
                    </button>
                  </div>
                </div>
              </div>
              <div
                class="MuiGrid-root MuiGrid-item MuiGrid-grid-xs-12 css-1idn90j-MuiGrid-root"
              >
                <div
                  class="MuiGrid-root MuiGrid-container MuiGrid-spacing-xs-2 css-mhc70k-MuiGrid-root"
                />
              </div>
              <div
                class="MuiGrid-root MuiGrid-item MuiGrid-grid-xs-12 css-1idn90j-MuiGrid-root"
              >
                <div
                  class="MuiPaper-root MuiPaper-elevation MuiPaper-rounded MuiPaper-elevation0 MuiAlert-root MuiAlert-outlinedInfo MuiAlert-outlined css-q9dv2o-MuiPaper-root-MuiAlert-root"
                  role="alert"
                >
                  <div
                    class="MuiAlert-icon css-1ytlwq5-MuiAlert-icon"
                  >
                    <svg
                      aria-hidden="true"
                      class="MuiSvgIcon-root MuiSvgIcon-fontSizeInherit css-1vooibu-MuiSvgIcon-root"
                      data-testid="InfoOutlinedIcon"
                      focusable="false"
                      viewBox="0 0 24 24"
                    >
                      <path
                        d="M11,9H13V7H11M12,20C7.59,20 4,16.41 4,12C4,7.59 7.59,4 12,4C16.41,4 20,7.59 20, 12C20,16.41 16.41,20 12,20M12,2A10,10 0 0,0 2,12A10,10 0 0,0 12,22A10,10 0 0,0 22,12A10, 10 0 0,0 12,2M11,17H13V11H11V17Z"
                      />
                    </svg>
                  </div>
                  <div
                    class="MuiAlert-message css-1pxa9xg-MuiAlert-message"
                  >
                    Add at least one application
                  </div>
                </div>
              </div>
            </div>
          </div>
          <div
            aria-labelledby="simple-tab-2"
            class="makeStyles-tabPanel-4"
            hidden=""
            id="simple-tabpanel-2"
            role="tabpanel"
          >
            <div
              class="MuiGrid-root MuiGrid-container MuiGrid-spacing-xs-2 css-mhc70k-MuiGrid-root"
            >
              <div
                class="MuiGrid-root MuiGrid-item MuiGrid-grid-xs-12 css-1idn90j-MuiGrid-root"
              >
                <div
                  class="MuiGrid-root MuiGrid-container MuiGrid-spacing-xs-1 css-a5rdam-MuiGrid-root"
                >
                  <div
                    class="MuiGrid-root MuiGrid-item MuiGrid-grid-xs-12 css-1idn90j-MuiGrid-root"
                  >
                    <div
                      class="MuiGrid-root MuiGrid-container MuiGrid-spacing-xs-1 MuiGrid-wrap-xs-nowrap css-1jxkhgz-MuiGrid-root"
                    >
                      <div
                        class="MuiGrid-root MuiGrid-item css-13i4rnv-MuiGrid-root"
                      >
                        <h6
                          class="MuiTypography-root MuiTypography-h6 css-k6p83p-MuiTypography-root"
                        >
                          Stages
                        </h6>
                      </div>
                      <div
                        class="MuiGrid-root MuiGrid-item css-13i4rnv-MuiGrid-root"
                      >
                        <span />
                      </div>
                    </div>
                  </div>
                  <div
                    class="MuiGrid-root MuiGrid-item MuiGrid-grid-xs-12 css-1idn90j-MuiGrid-root"
                  >
                    <div
                      class="MuiGrid-root MuiGrid-container MuiGrid-spacing-xs-1 css-7ldjcq-MuiGrid-root"
                    />
                  </div>
                  <div
                    class="MuiGrid-root MuiGrid-item MuiGrid-grid-xs-12 css-1idn90j-MuiGrid-root"
                  >
                    <button
                      class="MuiButtonBase-root MuiButton-root MuiButton-contained MuiButton-containedPrimary MuiButton-sizeSmall MuiButton-containedSizeSmall MuiButton-root MuiButton-contained MuiButton-containedPrimary MuiButton-sizeSmall MuiButton-containedSizeSmall css-vw8gqz-MuiButtonBase-root-MuiButton-root"
                      style="min-width: 0;"
                      tabindex="0"
                      type="button"
                    >
                      add stage
                      <span
                        class="MuiTouchRipple-root css-8je8zh-MuiTouchRipple-root"
                      />
                    </button>
                  </div>
                </div>
              </div>
              <div
                class="MuiGrid-root MuiGrid-item MuiGrid-grid-xs-12 css-1idn90j-MuiGrid-root"
              >
                <div
                  class="MuiPaper-root MuiPaper-elevation MuiPaper-rounded MuiPaper-elevation0 MuiAlert-root MuiAlert-outlinedInfo MuiAlert-outlined css-q9dv2o-MuiPaper-root-MuiAlert-root"
                  role="alert"
                >
                  <div
                    class="MuiAlert-icon css-1ytlwq5-MuiAlert-icon"
                  >
                    <svg
                      aria-hidden="true"
                      class="MuiSvgIcon-root MuiSvgIcon-fontSizeInherit css-1vooibu-MuiSvgIcon-root"
                      data-testid="InfoOutlinedIcon"
                      focusable="false"
                      viewBox="0 0 24 24"
                    >
                      <path
                        d="M11,9H13V7H11M12,20C7.59,20 4,16.41 4,12C4,7.59 7.59,4 12,4C16.41,4 20,7.59 20, 12C20,16.41 16.41,20 12,20M12,2A10,10 0 0,0 2,12A10,10 0 0,0 12,22A10,10 0 0,0 22,12A10, 10 0 0,0 12,2M11,17H13V11H11V17Z"
                      />
                    </svg>
                  </div>
                  <div
                    class="MuiAlert-message css-1pxa9xg-MuiAlert-message"
                  >
                    Add at least one stage
                  </div>
                </div>
              </div>
            </div>
          </div>
        </div>
      </div>
      <div
        class="MuiDialogActions-root MuiDialogActions-spacing css-knqc4i-MuiDialogActions-root"
      >
        <button
          class="MuiButtonBase-root MuiButton-root MuiButton-text MuiButton-textPrimary MuiButton-sizeSmall MuiButton-textSizeSmall Mui-disabled MuiButton-root MuiButton-text MuiButton-textPrimary MuiButton-sizeSmall MuiButton-textSizeSmall css-1llbb2a-MuiButtonBase-root-MuiButton-root"
          disabled=""
          tabindex="-1"
          type="button"
        >
          undo changes
        </button>
        <button
          class="MuiButtonBase-root MuiButton-root MuiButton-text MuiButton-textPrimary MuiButton-sizeSmall MuiButton-textSizeSmall MuiButton-root MuiButton-text MuiButton-textPrimary MuiButton-sizeSmall MuiButton-textSizeSmall css-1llbb2a-MuiButtonBase-root-MuiButton-root"
          style="margin-left: auto;"
          tabindex="0"
          type="button"
        >
          cancel
          <span
            class="MuiTouchRipple-root css-8je8zh-MuiTouchRipple-root"
          />
        </button>
        <button
          class="MuiButtonBase-root MuiButton-root MuiButton-contained MuiButton-containedPrimary MuiButton-sizeSmall MuiButton-containedSizeSmall MuiButton-root MuiButton-contained MuiButton-containedPrimary MuiButton-sizeSmall MuiButton-containedSizeSmall css-vw8gqz-MuiButtonBase-root-MuiButton-root"
          tabindex="0"
          type="button"
        >
          proceed
          <span
            class="MuiTouchRipple-root css-8je8zh-MuiTouchRipple-root"
          />
        </button>
      </div>
    </div>
  </div>
  <div
    data-testid="sentinelEnd"
    tabindex="0"
  />
</div>
`;
