// Jest Snapshot v1, https://goo.gl/fbAQLP

exports[`renders ManageGitServer Create component 1`] = `
<div
  class="MuiGrid-root MuiGrid-container MuiGrid-spacing-xs-2"
  data-testid="form"
>
  <div
    class="MuiGrid-root MuiGrid-item MuiGrid-grid-xs-12"
  />
</div>
`;
